{
    "stub": {
        "content": [
            {
                "0": [
                    [
                        {
                            "id": "sample1"
                        },
                        [
                            "sample1_amplicon1_cycles.txt:md5,d41d8cd98f00b204e9800998ecf8427e",
                            "sample1_amplicon1_graph.txt:md5,d41d8cd98f00b204e9800998ecf8427e",
                            "sample1_summary.txt:md5,d41d8cd98f00b204e9800998ecf8427e"
                        ]
                    ]
                ],
                "1": [
                    [
                        {
                            "id": "sample1"
                        },
                        "sample1_amplicon1_cycles.txt:md5,d41d8cd98f00b204e9800998ecf8427e"
                    ]
                ],
                "2": [
                    [
                        "CORAL_CYCLE",
                        "coral",
                        "3.0.0"
                    ]
                ],
                "cycles": [
                    [
                        {
                            "id": "sample1"
                        },
                        "sample1_amplicon1_cycles.txt:md5,d41d8cd98f00b204e9800998ecf8427e"
                    ]
                ],
                "reconstruction": [
                    [
                        {
                            "id": "sample1"
                        },
                        [
                            "sample1_amplicon1_cycles.txt:md5,d41d8cd98f00b204e9800998ecf8427e",
                            "sample1_amplicon1_graph.txt:md5,d41d8cd98f00b204e9800998ecf8427e",
                            "sample1_summary.txt:md5,d41d8cd98f00b204e9800998ecf8427e"
                        ]
                    ]
                ],
                "versions_coral": [
                    [
                        "CORAL_CYCLE",
                        "coral",
                        "3.0.0"
                    ]
                ]
            }
        ],
        "meta": {
            "nf-test": "0.9.3",
            "nextflow": "25.10.4"
        },
        "timestamp": "2026-09-24T09:50:09.602318674"
    }
}