{
    "-profile test": {
        "content": [
            {
                "CLAIR3": {
                    "clair3": "1.2.0"
                },
                "CLAIRSTO": {
                    "clairsto": "0.4.2"
                },
                "CRAMINO_POST": {
                    "cramino": "1.3.0"
                },
                "CRAMINO_PRE": {
                    "cramino": "1.3.0"
                },
                "GERMLINE_VEP": {
                    "ensemblvep": 114.2,
                    "tabix": 1.21
                },
                "LONGPHASE_HAPLOTAG": {
                    "longphase": 2.0
                },
                "LONGPHASE_PHASE": {
                    "longphase": 2.0,
                    "tabix": "1.22.1"
                },
                "METAEXTRACT": {
                    "samtools": 1.21
                },
                "MINIMAP2_ALIGN": {
                    "minimap2": "2.29-r1283",
                    "samtools": 1.21
                },
                "MOSDEPTH": {
                    "mosdepth": "0.3.11"
                },
                "SAMTOOLS_FAIDX": {
                    "samtools": "1.22.1"
                },
                "SAMTOOLS_FLAGSTAT": {
                    "samtools": "1.22.1"
                },
                "SAMTOOLS_IDXSTATS": {
                    "samtools": "1.22.1"
                },
                "SAMTOOLS_INDEX": {
                    "samtools": "1.22.1"
                },
                "SAMTOOLS_STATS": {
                    "samtools": "1.22.1"
                },
                "SEVERUS": {
                    "severus": 1.6
                },
                "SOMATIC_VEP": {
                    "ensemblvep": 114.2,
                    "tabix": 1.21
                },
                "SV_VEP": {
                    "ensemblvep": 114.2,
                    "tabix": 1.21
                },
                "UNTAR": {
                    "untar": 1.34
                },
                "UNZIP_FASTA": {
                    "pigz": 2.8
                },
                "VCFSPLIT": {
                    "bcftools": 1.2
                },
                "WGET": {
                    "wget": "1.21.4"
                },
                "Workflow": {
                    "IntGenomicsLab/lrsomatic": "v1.1.0dev"
                }
            },
            [
                "multiqc",
                "multiqc/multiqc_data",
                "multiqc/multiqc_data/llms-full.txt",
                "multiqc/multiqc_data/mosdepth-coverage-per-contig-single.txt",
                "multiqc/multiqc_data/mosdepth-cumcoverage-dist-id.txt",
                "multiqc/multiqc_data/mosdepth_cov_dist.txt",
                "multiqc/multiqc_data/mosdepth_cumcov_dist.txt",
                "multiqc/multiqc_data/mosdepth_perchrom.txt",
                "multiqc/multiqc_data/multiqc.log",
                "multiqc/multiqc_data/multiqc.parquet",
                "multiqc/multiqc_data/multiqc_citations.txt",
                "multiqc/multiqc_data/multiqc_data.json",
                "multiqc/multiqc_data/multiqc_general_stats.txt",
                "multiqc/multiqc_data/multiqc_software_versions.txt",
                "multiqc/multiqc_data/multiqc_sources.txt",
                "multiqc/multiqc_plots",
                "multiqc/multiqc_plots/pdf",
                "multiqc/multiqc_plots/pdf/mosdepth-coverage-per-contig-single-cnt.pdf",
                "multiqc/multiqc_plots/pdf/mosdepth-coverage-per-contig-single-pct.pdf",
                "multiqc/multiqc_plots/pdf/mosdepth-cumcoverage-dist-id.pdf",
                "multiqc/multiqc_plots/png",
                "multiqc/multiqc_plots/png/mosdepth-coverage-per-contig-single-cnt.png",
                "multiqc/multiqc_plots/png/mosdepth-coverage-per-contig-single-pct.png",
                "multiqc/multiqc_plots/png/mosdepth-cumcoverage-dist-id.png",
                "multiqc/multiqc_plots/svg",
                "multiqc/multiqc_plots/svg/mosdepth-coverage-per-contig-single-cnt.svg",
                "multiqc/multiqc_plots/svg/mosdepth-coverage-per-contig-single-pct.svg",
                "multiqc/multiqc_plots/svg/mosdepth-cumcoverage-dist-id.svg",
                "multiqc/multiqc_report.html",
                "pipeline_info",
                "pipeline_info/lrsomatic_software_mqc_versions.yml",
                "sample1",
                "sample1/bamfiles",
                "sample1/bamfiles/sample1_normal.bam",
                "sample1/bamfiles/sample1_normal.bam.bai",
                "sample1/qc",
                "sample1/qc/normal",
                "sample1/qc/normal/cramino_aln",
                "sample1/qc/normal/cramino_aln/sample1_cramino.txt",
                "sample1/qc/normal/cramino_ubam",
                "sample1/qc/normal/cramino_ubam/sample1_cramino.txt",
                "sample1/qc/normal/mosdepth",
                "sample1/qc/normal/mosdepth/sample1.mosdepth.global.dist.txt",
                "sample1/qc/normal/mosdepth/sample1.mosdepth.summary.txt",
                "sample1/qc/normal/samtools",
                "sample1/qc/normal/samtools/sample1.flagstat",
                "sample1/qc/normal/samtools/sample1.idxstats",
                "sample1/qc/normal/samtools/sample1.stats",
                "sample1/qc/tumor",
                "sample1/qc/tumor/cramino_aln",
                "sample1/qc/tumor/cramino_aln/sample1_cramino.txt",
                "sample1/qc/tumor/cramino_ubam",
                "sample1/qc/tumor/cramino_ubam/sample1_cramino.txt",
                "sample1/qc/tumor/mosdepth",
                "sample1/qc/tumor/mosdepth/sample1.mosdepth.global.dist.txt",
                "sample1/qc/tumor/mosdepth/sample1.mosdepth.summary.txt",
                "sample1/qc/tumor/samtools",
                "sample1/qc/tumor/samtools/sample1.flagstat",
                "sample1/qc/tumor/samtools/sample1.idxstats",
                "sample1/qc/tumor/samtools/sample1.stats",
                "sample1/variants",
                "sample1/variants/clair3",
                "sample1/variants/clair3/merge_output.vcf.gz",
                "sample1/variants/clair3/merge_output.vcf.gz.tbi",
                "sample1/vep",
                "sample1/vep/germline",
                "sample1/vep/germline/sample1_GERMLINE_VEP.vcf.gz",
                "sample1/vep/germline/sample1_GERMLINE_VEP.vcf.gz.tbi",
                "sample1/vep/germline/sample1_GERMLINE_VEP.vcf.gz_summary.html",
                "sample2",
                "sample2/bamfiles",
                "sample2/bamfiles/sample2_normal.bam",
                "sample2/bamfiles/sample2_normal.bam.bai",
                "sample2/qc",
                "sample2/qc/normal",
                "sample2/qc/normal/cramino_aln",
                "sample2/qc/normal/cramino_aln/sample2_cramino.txt",
                "sample2/qc/normal/cramino_ubam",
                "sample2/qc/normal/cramino_ubam/sample2_cramino.txt",
                "sample2/qc/normal/mosdepth",
                "sample2/qc/normal/mosdepth/sample2.mosdepth.global.dist.txt",
                "sample2/qc/normal/mosdepth/sample2.mosdepth.summary.txt",
                "sample2/qc/normal/samtools",
                "sample2/qc/normal/samtools/sample2.flagstat",
                "sample2/qc/normal/samtools/sample2.idxstats",
                "sample2/qc/normal/samtools/sample2.stats",
                "sample2/qc/tumor",
                "sample2/qc/tumor/cramino_aln",
                "sample2/qc/tumor/cramino_aln/sample2_cramino.txt",
                "sample2/qc/tumor/cramino_ubam",
                "sample2/qc/tumor/cramino_ubam/sample2_cramino.txt",
                "sample2/qc/tumor/mosdepth",
                "sample2/qc/tumor/mosdepth/sample2.mosdepth.global.dist.txt",
                "sample2/qc/tumor/mosdepth/sample2.mosdepth.summary.txt",
                "sample2/qc/tumor/samtools",
                "sample2/qc/tumor/samtools/sample2.flagstat",
                "sample2/qc/tumor/samtools/sample2.idxstats",
                "sample2/qc/tumor/samtools/sample2.stats",
                "sample2/variants",
                "sample2/variants/clair3",
                "sample2/variants/clair3/merge_output.vcf.gz",
                "sample2/variants/clair3/merge_output.vcf.gz.tbi",
                "sample2/vep",
                "sample2/vep/germline",
                "sample2/vep/germline/sample2_GERMLINE_VEP.vcf.gz",
                "sample2/vep/germline/sample2_GERMLINE_VEP.vcf.gz.tbi",
                "sample2/vep/germline/sample2_GERMLINE_VEP.vcf.gz_summary.html",
                "sample3",
                "sample3/bamfiles",
                "sample3/bamfiles/sample3_tumor.bam",
                "sample3/bamfiles/sample3_tumor.bam.bai",
                "sample3/qc",
                "sample3/qc/tumor",
                "sample3/qc/tumor/cramino_aln",
                "sample3/qc/tumor/cramino_aln/sample3_cramino.txt",
                "sample3/qc/tumor/cramino_ubam",
                "sample3/qc/tumor/cramino_ubam/sample3_cramino.txt",
                "sample3/qc/tumor/mosdepth",
                "sample3/qc/tumor/mosdepth/sample3.mosdepth.global.dist.txt",
                "sample3/qc/tumor/mosdepth/sample3.mosdepth.summary.txt",
                "sample3/qc/tumor/samtools",
                "sample3/qc/tumor/samtools/sample3.flagstat",
                "sample3/qc/tumor/samtools/sample3.idxstats",
                "sample3/qc/tumor/samtools/sample3.stats",
                "sample3/variants",
                "sample3/variants/clairsto",
                "sample3/variants/clairsto/germline.vcf.gz",
                "sample3/variants/clairsto/germline.vcf.gz.tbi",
                "sample3/variants/clairsto/indel.vcf.gz",
                "sample3/variants/clairsto/indel.vcf.gz.tbi",
                "sample3/variants/clairsto/snv.vcf.gz",
                "sample3/variants/clairsto/snv.vcf.gz.tbi",
                "sample3/variants/clairsto/somatic.vcf.gz",
                "sample3/variants/clairsto/somatic.vcf.gz.tbi",
                "sample3/variants/severus",
                "sample3/variants/severus/all_SVs",
                "sample3/variants/severus/all_SVs/severus_all.vcf.gz",
                "sample3/variants/severus/breakpoints_double.csv",
                "sample3/variants/severus/read_ids.csv",
                "sample3/variants/severus/read_qual.txt",
                "sample3/variants/severus/severus.log",
                "sample3/variants/severus/somatic_SVs",
                "sample3/variants/severus/somatic_SVs/severus_somatic.vcf.gz",
                "sample3/vep",
                "sample3/vep/SVs",
                "sample3/vep/SVs/sample3_SV_VEP.vcf.gz",
                "sample3/vep/SVs/sample3_SV_VEP.vcf.gz.tbi",
                "sample3/vep/SVs/sample3_SV_VEP.vcf.gz_summary.html",
                "sample3/vep/germline",
                "sample3/vep/germline/sample3_GERMLINE_VEP.vcf.gz",
                "sample3/vep/germline/sample3_GERMLINE_VEP.vcf.gz.tbi",
                "sample3/vep/germline/sample3_GERMLINE_VEP.vcf.gz_summary.html",
                "sample3/vep/somatic",
                "sample3/vep/somatic/sample3_SOMATIC_VEP.vcf.gz",
                "sample3/vep/somatic/sample3_SOMATIC_VEP.vcf.gz.tbi",
                "sample3/vep/somatic/sample3_SOMATIC_VEP.vcf.gz_summary.html"
            ],
            [
                "sample1_normal.bam:md5,60838033f5f24aa90e16a5babcddd45b",
                "sample1_normal.bam.bai:md5,d77c4e82c8965132967be86d83a4992d",
                "sample1.mosdepth.global.dist.txt:md5,4e1c72f8465c18ffd854c42850eb7c5f",
                "sample1.mosdepth.summary.txt:md5,cf13d4b24e5ebf31b629a1195a1fff41",
                "sample1.flagstat:md5,815a5385bd57ef44847714130b80d630",
                "sample1.idxstats:md5,19be02d7e966e4a291b66ab5b14742d3",
                "sample1.stats:md5,cf4b23c58e65cb55b31463db14ed6fd3",
                "sample1.mosdepth.global.dist.txt:md5,e04da37ef2b7cd587fa3158b9f36d2cb",
                "sample1.mosdepth.summary.txt:md5,ef3aefa72ca2e9bbbe5acc91fc1ecde6",
                "sample1.flagstat:md5,34e851b5504d961632f26991160ded5a",
                "sample1.idxstats:md5,1d43b03114bcc9b70d4333e91498efbe",
                "sample1.stats:md5,da6ea076dd90b4e35ab2e23b8e6ead25",
                "sample2_normal.bam:md5,554b89692e84b9ddd0615649e2b15820",
                "sample2_normal.bam.bai:md5,af193f1922d90b8741212d2bf690c418",
                "sample2.mosdepth.global.dist.txt:md5,6cdc97a81a603db702cb5a113b8bc62a",
                "sample2.mosdepth.summary.txt:md5,864370930ec1d695d942f4960bcf8fc6",
                "sample2.flagstat:md5,cce0bb7ca79e14d8369ccc714adf4be3",
                "sample2.idxstats:md5,e7de97b2362a8e944896dc4eca0b0bd8",
                "sample2.stats:md5,2b7f1a2833840d350d2a4d54fed70cf7",
                "sample2.mosdepth.global.dist.txt:md5,eda3bf93b39e342e85e43931ce8b417e",
                "sample2.mosdepth.summary.txt:md5,a68ca9504f5c9b73bf697d8ac22a1df0",
                "sample2.flagstat:md5,83e7d7d922941691d2b023f0bd9655aa",
                "sample2.idxstats:md5,fe8a5d1263481ea7902d575b4d95f655",
                "sample2.stats:md5,defe74842396209b6cff4b32994287c7",
                "sample3_tumor.bam:md5,2308beb1b4be1f0e1d6c8e52bd4f9266",
                "sample3_tumor.bam.bai:md5,840eb3ad5ed3216a97c6a58563d4dcb1",
                "sample3.mosdepth.global.dist.txt:md5,e04da37ef2b7cd587fa3158b9f36d2cb",
                "sample3.mosdepth.summary.txt:md5,ef3aefa72ca2e9bbbe5acc91fc1ecde6",
                "sample3.flagstat:md5,34e851b5504d961632f26991160ded5a",
                "sample3.idxstats:md5,1d43b03114bcc9b70d4333e91498efbe",
                "sample3.stats:md5,b0f46b772514f0de08f1b2d88aa5968f",
                "breakpoints_double.csv:md5,298a01c868eb493baaaa90ced9a9f17e",
                "read_qual.txt:md5,1b4392f3b9071533e9ea77ff9df6c813"
            ]
        ],
        "meta": {
            "nf-test": "0.9.3",
            "nextflow": "25.10.2"
        },
        "timestamp": "2026-01-08T17:23:32.905484266"
    }
}