{
    "-profile test": {
        "content": [
            {
                "BCFTOOLS_CONCAT": {
                    "bcftools": 1.22
                },
                "BCFTOOLS_SORT": {
                    "bcftools": 1.22
                },
                "CLAIR3": {
                    "clair3": "1.2.0"
                },
                "CLAIRS": {
                    "clairs": "0.4.4"
                },
                "CLAIRSTO": {
                    "clairsto": "0.4.2"
                },
                "CRAMINO_POST": {
                    "cramino": "1.3.0"
                },
                "CRAMINO_PRE": {
                    "cramino": "1.3.0"
                },
                "GERMLINE_VEP": {
                    "ensemblvep": 115.2,
                    "perl-math-cdf": 0.1,
                    "tabix": 1.21
                },
                "LONGPHASE_HAPLOTAG": {
                    "longphase": 2.0
                },
                "LONGPHASE_PHASE": {
                    "longphase": 2.0,
                    "tabix": "1.22.1"
                },
                "METAEXTRACT": {
                    "samtools": 1.21
                },
                "MINIMAP2_ALIGN": {
                    "minimap2": "2.29-r1283"
                },
                "MOSDEPTH": {
                    "mosdepth": "0.3.11"
                },
                "SAMTOOLS_FAIDX": {
                    "samtools": "1.22.1"
                },
                "SAMTOOLS_FLAGSTAT": {
                    "samtools": "1.22.1"
                },
                "SAMTOOLS_IDXSTATS": {
                    "samtools": "1.22.1"
                },
                "SAMTOOLS_INDEX": {
                    "samtools": "1.22.1"
                },
                "SAMTOOLS_STATS": {
                    "samtools": "1.22.1"
                },
                "SEVERUS": {
                    "severus": 1.6
                },
                "SOMATIC_VEP": {
                    "ensemblvep": 115.2,
                    "perl-math-cdf": 0.1,
                    "tabix": 1.21
                },
                "SV_VEP": {
                    "ensemblvep": 115.2,
                    "perl-math-cdf": 0.1,
                    "tabix": 1.21
                },
                "UNTAR": {
                    "untar": 1.34
                },
                "UNZIP_FASTA": {
                    "pigz": 2.8
                },
                "VCFSPLIT": {
                    "bcftools": 1.2
                },
                "WGET": {
                    "wget": "1.21.4"
                },
                "Workflow": {
                    "IntGenomicsLab/lrsomatic": "v1.1.0dev"
                }
            },
            [
                "multiqc",
                "multiqc/multiqc_data",
                "multiqc/multiqc_data/llms-full.txt",
                "multiqc/multiqc_data/mosdepth-coverage-per-contig-single.txt",
                "multiqc/multiqc_data/mosdepth-cumcoverage-dist-id.txt",
                "multiqc/multiqc_data/mosdepth_cov_dist.txt",
                "multiqc/multiqc_data/mosdepth_cumcov_dist.txt",
                "multiqc/multiqc_data/mosdepth_perchrom.txt",
                "multiqc/multiqc_data/multiqc.log",
                "multiqc/multiqc_data/multiqc.parquet",
                "multiqc/multiqc_data/multiqc_citations.txt",
                "multiqc/multiqc_data/multiqc_data.json",
                "multiqc/multiqc_data/multiqc_general_stats.txt",
                "multiqc/multiqc_data/multiqc_samtools_flagstat.txt",
                "multiqc/multiqc_data/multiqc_samtools_idxstats.txt",
                "multiqc/multiqc_data/multiqc_samtools_stats.txt",
                "multiqc/multiqc_data/multiqc_software_versions.txt",
                "multiqc/multiqc_data/multiqc_sources.txt",
                "multiqc/multiqc_data/samtools-flagstat-pct-table.txt",
                "multiqc/multiqc_data/samtools-flagstat-table.txt",
                "multiqc/multiqc_data/samtools-idxstats-mapped-reads-plot_Normalised_Counts.txt",
                "multiqc/multiqc_data/samtools-idxstats-mapped-reads-plot_Observed_over_Expected_Counts.txt",
                "multiqc/multiqc_data/samtools-idxstats-mapped-reads-plot_Raw_Counts.txt",
                "multiqc/multiqc_data/samtools-stats-dp.txt",
                "multiqc/multiqc_data/samtools_alignment_plot.txt",
                "multiqc/multiqc_plots",
                "multiqc/multiqc_plots/pdf",
                "multiqc/multiqc_plots/pdf/mosdepth-coverage-per-contig-single-cnt.pdf",
                "multiqc/multiqc_plots/pdf/mosdepth-coverage-per-contig-single-pct.pdf",
                "multiqc/multiqc_plots/pdf/mosdepth-cumcoverage-dist-id.pdf",
                "multiqc/multiqc_plots/pdf/samtools-flagstat-pct-table.pdf",
                "multiqc/multiqc_plots/pdf/samtools-flagstat-table.pdf",
                "multiqc/multiqc_plots/pdf/samtools-idxstats-mapped-reads-plot_Normalised_Counts-cnt.pdf",
                "multiqc/multiqc_plots/pdf/samtools-idxstats-mapped-reads-plot_Normalised_Counts-log.pdf",
                "multiqc/multiqc_plots/pdf/samtools-idxstats-mapped-reads-plot_Observed_over_Expected_Counts-cnt.pdf",
                "multiqc/multiqc_plots/pdf/samtools-idxstats-mapped-reads-plot_Observed_over_Expected_Counts-log.pdf",
                "multiqc/multiqc_plots/pdf/samtools-idxstats-mapped-reads-plot_Raw_Counts-cnt.pdf",
                "multiqc/multiqc_plots/pdf/samtools-idxstats-mapped-reads-plot_Raw_Counts-log.pdf",
                "multiqc/multiqc_plots/pdf/samtools-stats-dp.pdf",
                "multiqc/multiqc_plots/pdf/samtools_alignment_plot-cnt.pdf",
                "multiqc/multiqc_plots/pdf/samtools_alignment_plot-pct.pdf",
                "multiqc/multiqc_plots/png",
                "multiqc/multiqc_plots/png/mosdepth-coverage-per-contig-single-cnt.png",
                "multiqc/multiqc_plots/png/mosdepth-coverage-per-contig-single-pct.png",
                "multiqc/multiqc_plots/png/mosdepth-cumcoverage-dist-id.png",
                "multiqc/multiqc_plots/png/samtools-flagstat-pct-table.png",
                "multiqc/multiqc_plots/png/samtools-flagstat-table.png",
                "multiqc/multiqc_plots/png/samtools-idxstats-mapped-reads-plot_Normalised_Counts-cnt.png",
                "multiqc/multiqc_plots/png/samtools-idxstats-mapped-reads-plot_Normalised_Counts-log.png",
                "multiqc/multiqc_plots/png/samtools-idxstats-mapped-reads-plot_Observed_over_Expected_Counts-cnt.png",
                "multiqc/multiqc_plots/png/samtools-idxstats-mapped-reads-plot_Observed_over_Expected_Counts-log.png",
                "multiqc/multiqc_plots/png/samtools-idxstats-mapped-reads-plot_Raw_Counts-cnt.png",
                "multiqc/multiqc_plots/png/samtools-idxstats-mapped-reads-plot_Raw_Counts-log.png",
                "multiqc/multiqc_plots/png/samtools-stats-dp.png",
                "multiqc/multiqc_plots/png/samtools_alignment_plot-cnt.png",
                "multiqc/multiqc_plots/png/samtools_alignment_plot-pct.png",
                "multiqc/multiqc_plots/svg",
                "multiqc/multiqc_plots/svg/mosdepth-coverage-per-contig-single-cnt.svg",
                "multiqc/multiqc_plots/svg/mosdepth-coverage-per-contig-single-pct.svg",
                "multiqc/multiqc_plots/svg/mosdepth-cumcoverage-dist-id.svg",
                "multiqc/multiqc_plots/svg/samtools-flagstat-pct-table.svg",
                "multiqc/multiqc_plots/svg/samtools-flagstat-table.svg",
                "multiqc/multiqc_plots/svg/samtools-idxstats-mapped-reads-plot_Normalised_Counts-cnt.svg",
                "multiqc/multiqc_plots/svg/samtools-idxstats-mapped-reads-plot_Normalised_Counts-log.svg",
                "multiqc/multiqc_plots/svg/samtools-idxstats-mapped-reads-plot_Observed_over_Expected_Counts-cnt.svg",
                "multiqc/multiqc_plots/svg/samtools-idxstats-mapped-reads-plot_Observed_over_Expected_Counts-log.svg",
                "multiqc/multiqc_plots/svg/samtools-idxstats-mapped-reads-plot_Raw_Counts-cnt.svg",
                "multiqc/multiqc_plots/svg/samtools-idxstats-mapped-reads-plot_Raw_Counts-log.svg",
                "multiqc/multiqc_plots/svg/samtools-stats-dp.svg",
                "multiqc/multiqc_plots/svg/samtools_alignment_plot-cnt.svg",
                "multiqc/multiqc_plots/svg/samtools_alignment_plot-pct.svg",
                "multiqc/multiqc_report.html",
                "pipeline_info",
                "pipeline_info/lrsomatic_software_mqc_versions.yml",
                "sample1",
                "sample1/bamfiles",
                "sample1/bamfiles/sample1_normal.bam",
                "sample1/bamfiles/sample1_normal.bam.bai",
                "sample1/bamfiles/sample1_tumor.bam",
                "sample1/bamfiles/sample1_tumor.bam.bai",
                "sample1/qc",
                "sample1/qc/normal",
                "sample1/qc/normal/cramino_aln",
                "sample1/qc/normal/cramino_aln/sample1.arrow",
                "sample1/qc/normal/cramino_aln/sample1_cramino.txt",
                "sample1/qc/normal/cramino_ubam_1",
                "sample1/qc/normal/cramino_ubam_1/sample1.arrow",
                "sample1/qc/normal/cramino_ubam_1/sample1_cramino.txt",
                "sample1/qc/normal/mosdepth",
                "sample1/qc/normal/mosdepth/sample1.mosdepth.global.dist.txt",
                "sample1/qc/normal/mosdepth/sample1.mosdepth.summary.txt",
                "sample1/qc/normal/nanoplot_aln",
                "sample1/qc/normal/nanoplot_aln/NanoPlot-report.html",
                "sample1/qc/normal/nanoplot_aln/NanoStats.txt",
                "sample1/qc/normal/nanoplot_aln/Non_weightedHistogramReadlength.html",
                "sample1/qc/normal/nanoplot_aln/Non_weightedLogTransformed_HistogramReadlength.html",
                "sample1/qc/normal/nanoplot_aln/PercentIdentityHistogramDynamic_Histogram_percent_identity.html",
                "sample1/qc/normal/nanoplot_aln/PercentIdentityvsAlignedReadLength_dot.html",
                "sample1/qc/normal/nanoplot_aln/PercentIdentityvsAlignedReadLength_kde.html",
                "sample1/qc/normal/nanoplot_aln/WeightedHistogramReadlength.html",
                "sample1/qc/normal/nanoplot_aln/WeightedLogTransformed_HistogramReadlength.html",
                "sample1/qc/normal/nanoplot_aln/Yield_By_Length.html",
                "sample1/qc/normal/nanoplot_ubam_1",
                "sample1/qc/normal/nanoplot_ubam_1/NanoPlot-report.html",
                "sample1/qc/normal/nanoplot_ubam_1/NanoStats.txt",
                "sample1/qc/normal/nanoplot_ubam_1/Non_weightedHistogramReadlength.html",
                "sample1/qc/normal/nanoplot_ubam_1/Non_weightedLogTransformed_HistogramReadlength.html",
                "sample1/qc/normal/nanoplot_ubam_1/WeightedHistogramReadlength.html",
                "sample1/qc/normal/nanoplot_ubam_1/WeightedLogTransformed_HistogramReadlength.html",
                "sample1/qc/normal/nanoplot_ubam_1/Yield_By_Length.html",
                "sample1/qc/normal/samtools",
                "sample1/qc/normal/samtools/sample1.flagstat",
                "sample1/qc/normal/samtools/sample1.idxstats",
                "sample1/qc/normal/samtools/sample1.stats",
                "sample1/qc/tumor",
                "sample1/qc/tumor/cramino_aln",
                "sample1/qc/tumor/cramino_aln/sample1.arrow",
                "sample1/qc/tumor/cramino_aln/sample1_cramino.txt",
                "sample1/qc/tumor/cramino_ubam_1",
                "sample1/qc/tumor/cramino_ubam_1/sample1.arrow",
                "sample1/qc/tumor/cramino_ubam_1/sample1_cramino.txt",
                "sample1/qc/tumor/mosdepth",
                "sample1/qc/tumor/mosdepth/sample1.mosdepth.global.dist.txt",
                "sample1/qc/tumor/mosdepth/sample1.mosdepth.summary.txt",
                "sample1/qc/tumor/nanoplot_aln",
                "sample1/qc/tumor/nanoplot_aln/NanoPlot-report.html",
                "sample1/qc/tumor/nanoplot_aln/NanoStats.txt",
                "sample1/qc/tumor/nanoplot_aln/Non_weightedHistogramReadlength.html",
                "sample1/qc/tumor/nanoplot_aln/Non_weightedLogTransformed_HistogramReadlength.html",
                "sample1/qc/tumor/nanoplot_aln/PercentIdentityHistogramDynamic_Histogram_percent_identity.html",
                "sample1/qc/tumor/nanoplot_aln/PercentIdentityvsAlignedReadLength_dot.html",
                "sample1/qc/tumor/nanoplot_aln/PercentIdentityvsAlignedReadLength_kde.html",
                "sample1/qc/tumor/nanoplot_aln/WeightedHistogramReadlength.html",
                "sample1/qc/tumor/nanoplot_aln/WeightedLogTransformed_HistogramReadlength.html",
                "sample1/qc/tumor/nanoplot_aln/Yield_By_Length.html",
                "sample1/qc/tumor/nanoplot_ubam_1",
                "sample1/qc/tumor/nanoplot_ubam_1/NanoPlot-report.html",
                "sample1/qc/tumor/nanoplot_ubam_1/NanoStats.txt",
                "sample1/qc/tumor/nanoplot_ubam_1/Non_weightedHistogramReadlength.html",
                "sample1/qc/tumor/nanoplot_ubam_1/Non_weightedLogTransformed_HistogramReadlength.html",
                "sample1/qc/tumor/nanoplot_ubam_1/WeightedHistogramReadlength.html",
                "sample1/qc/tumor/nanoplot_ubam_1/WeightedLogTransformed_HistogramReadlength.html",
                "sample1/qc/tumor/nanoplot_ubam_1/Yield_By_Length.html",
                "sample1/qc/tumor/samtools",
                "sample1/qc/tumor/samtools/sample1.flagstat",
                "sample1/qc/tumor/samtools/sample1.idxstats",
                "sample1/qc/tumor/samtools/sample1.stats",
                "sample1/variants",
                "sample1/variants/clair3",
                "sample1/variants/clair3/merge_output.vcf.gz",
                "sample1/variants/clair3/merge_output.vcf.gz.tbi",
                "sample1/variants/clairs",
                "sample1/variants/clairs/indel.vcf.gz",
                "sample1/variants/clairs/indel.vcf.gz.tbi",
                "sample1/variants/clairs/snvs.vcf.gz",
                "sample1/variants/clairs/snvs.vcf.gz.tbi",
                "sample1/variants/severus",
                "sample1/variants/severus/all_SVs",
                "sample1/variants/severus/all_SVs/severus_all.vcf.gz",
                "sample1/variants/severus/breakpoints_double.csv",
                "sample1/variants/severus/read_ids.csv",
                "sample1/variants/severus/read_qual.txt",
                "sample1/variants/severus/severus.log",
                "sample1/variants/severus/somatic_SVs",
                "sample1/variants/severus/somatic_SVs/severus_somatic.vcf.gz",
                "sample1/vep",
                "sample1/vep/SVs",
                "sample1/vep/SVs/sample1_SV_VEP.vcf.gz",
                "sample1/vep/SVs/sample1_SV_VEP.vcf.gz.tbi",
                "sample1/vep/SVs/sample1_SV_VEP.vcf.gz_summary.html",
                "sample1/vep/germline",
                "sample1/vep/germline/sample1_GERMLINE_VEP.vcf.gz",
                "sample1/vep/germline/sample1_GERMLINE_VEP.vcf.gz.tbi",
                "sample1/vep/germline/sample1_GERMLINE_VEP.vcf.gz_summary.html",
                "sample1/vep/somatic",
                "sample1/vep/somatic/sample1_SOMATIC_VEP.vcf.gz",
                "sample1/vep/somatic/sample1_SOMATIC_VEP.vcf.gz.tbi",
                "sample1/vep/somatic/sample1_SOMATIC_VEP.vcf.gz_summary.html",
                "sample2",
                "sample2/bamfiles",
                "sample2/bamfiles/sample2_normal.bam",
                "sample2/bamfiles/sample2_normal.bam.bai",
                "sample2/bamfiles/sample2_tumor.bam",
                "sample2/bamfiles/sample2_tumor.bam.bai",
                "sample2/qc",
                "sample2/qc/normal",
                "sample2/qc/normal/cramino_aln",
                "sample2/qc/normal/cramino_aln/sample2.arrow",
                "sample2/qc/normal/cramino_aln/sample2_cramino.txt",
                "sample2/qc/normal/cramino_ubam_1",
                "sample2/qc/normal/cramino_ubam_1/sample2.arrow",
                "sample2/qc/normal/cramino_ubam_1/sample2_cramino.txt",
                "sample2/qc/normal/mosdepth",
                "sample2/qc/normal/mosdepth/sample2.mosdepth.global.dist.txt",
                "sample2/qc/normal/mosdepth/sample2.mosdepth.summary.txt",
                "sample2/qc/normal/nanoplot_aln",
                "sample2/qc/normal/nanoplot_aln/NanoPlot-report.html",
                "sample2/qc/normal/nanoplot_aln/NanoStats.txt",
                "sample2/qc/normal/nanoplot_aln/Non_weightedHistogramReadlength.html",
                "sample2/qc/normal/nanoplot_aln/Non_weightedLogTransformed_HistogramReadlength.html",
                "sample2/qc/normal/nanoplot_aln/PercentIdentityHistogramDynamic_Histogram_percent_identity.html",
                "sample2/qc/normal/nanoplot_aln/PercentIdentityvsAlignedReadLength_dot.html",
                "sample2/qc/normal/nanoplot_aln/PercentIdentityvsAlignedReadLength_kde.html",
                "sample2/qc/normal/nanoplot_aln/WeightedHistogramReadlength.html",
                "sample2/qc/normal/nanoplot_aln/WeightedLogTransformed_HistogramReadlength.html",
                "sample2/qc/normal/nanoplot_aln/Yield_By_Length.html",
                "sample2/qc/normal/nanoplot_ubam_1",
                "sample2/qc/normal/nanoplot_ubam_1/NanoPlot-report.html",
                "sample2/qc/normal/nanoplot_ubam_1/NanoStats.txt",
                "sample2/qc/normal/nanoplot_ubam_1/Non_weightedHistogramReadlength.html",
                "sample2/qc/normal/nanoplot_ubam_1/Non_weightedLogTransformed_HistogramReadlength.html",
                "sample2/qc/normal/nanoplot_ubam_1/WeightedHistogramReadlength.html",
                "sample2/qc/normal/nanoplot_ubam_1/WeightedLogTransformed_HistogramReadlength.html",
                "sample2/qc/normal/nanoplot_ubam_1/Yield_By_Length.html",
                "sample2/qc/normal/samtools",
                "sample2/qc/normal/samtools/sample2.flagstat",
                "sample2/qc/normal/samtools/sample2.idxstats",
                "sample2/qc/normal/samtools/sample2.stats",
                "sample2/qc/tumor",
                "sample2/qc/tumor/cramino_aln",
                "sample2/qc/tumor/cramino_aln/sample2.arrow",
                "sample2/qc/tumor/cramino_aln/sample2_cramino.txt",
                "sample2/qc/tumor/cramino_ubam_1",
                "sample2/qc/tumor/cramino_ubam_1/sample2.arrow",
                "sample2/qc/tumor/cramino_ubam_1/sample2_cramino.txt",
                "sample2/qc/tumor/mosdepth",
                "sample2/qc/tumor/mosdepth/sample2.mosdepth.global.dist.txt",
                "sample2/qc/tumor/mosdepth/sample2.mosdepth.summary.txt",
                "sample2/qc/tumor/nanoplot_aln",
                "sample2/qc/tumor/nanoplot_aln/NanoPlot-report.html",
                "sample2/qc/tumor/nanoplot_aln/NanoStats.txt",
                "sample2/qc/tumor/nanoplot_aln/Non_weightedHistogramReadlength.html",
                "sample2/qc/tumor/nanoplot_aln/Non_weightedLogTransformed_HistogramReadlength.html",
                "sample2/qc/tumor/nanoplot_aln/PercentIdentityHistogramDynamic_Histogram_percent_identity.html",
                "sample2/qc/tumor/nanoplot_aln/PercentIdentityvsAlignedReadLength_dot.html",
                "sample2/qc/tumor/nanoplot_aln/PercentIdentityvsAlignedReadLength_kde.html",
                "sample2/qc/tumor/nanoplot_aln/WeightedHistogramReadlength.html",
                "sample2/qc/tumor/nanoplot_aln/WeightedLogTransformed_HistogramReadlength.html",
                "sample2/qc/tumor/nanoplot_aln/Yield_By_Length.html",
                "sample2/qc/tumor/nanoplot_ubam_1",
                "sample2/qc/tumor/nanoplot_ubam_1/NanoPlot-report.html",
                "sample2/qc/tumor/nanoplot_ubam_1/NanoStats.txt",
                "sample2/qc/tumor/nanoplot_ubam_1/Non_weightedHistogramReadlength.html",
                "sample2/qc/tumor/nanoplot_ubam_1/Non_weightedLogTransformed_HistogramReadlength.html",
                "sample2/qc/tumor/nanoplot_ubam_1/WeightedHistogramReadlength.html",
                "sample2/qc/tumor/nanoplot_ubam_1/WeightedLogTransformed_HistogramReadlength.html",
                "sample2/qc/tumor/nanoplot_ubam_1/Yield_By_Length.html",
                "sample2/qc/tumor/samtools",
                "sample2/qc/tumor/samtools/sample2.flagstat",
                "sample2/qc/tumor/samtools/sample2.idxstats",
                "sample2/qc/tumor/samtools/sample2.stats",
                "sample2/variants",
                "sample2/variants/clair3",
                "sample2/variants/clair3/merge_output.vcf.gz",
                "sample2/variants/clair3/merge_output.vcf.gz.tbi",
                "sample2/variants/clairs",
                "sample2/variants/clairs/indel.vcf.gz",
                "sample2/variants/clairs/indel.vcf.gz.tbi",
                "sample2/variants/clairs/snvs.vcf.gz",
                "sample2/variants/clairs/snvs.vcf.gz.tbi",
                "sample2/variants/severus",
                "sample2/variants/severus/all_SVs",
                "sample2/variants/severus/all_SVs/severus_all.vcf.gz",
                "sample2/variants/severus/breakpoints_double.csv",
                "sample2/variants/severus/read_ids.csv",
                "sample2/variants/severus/read_qual.txt",
                "sample2/variants/severus/severus.log",
                "sample2/variants/severus/somatic_SVs",
                "sample2/variants/severus/somatic_SVs/severus_somatic.vcf.gz",
                "sample2/vep",
                "sample2/vep/SVs",
                "sample2/vep/SVs/sample2_SV_VEP.vcf.gz",
                "sample2/vep/SVs/sample2_SV_VEP.vcf.gz.tbi",
                "sample2/vep/SVs/sample2_SV_VEP.vcf.gz_summary.html",
                "sample2/vep/germline",
                "sample2/vep/germline/sample2_GERMLINE_VEP.vcf.gz",
                "sample2/vep/germline/sample2_GERMLINE_VEP.vcf.gz.tbi",
                "sample2/vep/germline/sample2_GERMLINE_VEP.vcf.gz_summary.html",
                "sample2/vep/somatic",
                "sample2/vep/somatic/sample2_SOMATIC_VEP.vcf.gz",
                "sample2/vep/somatic/sample2_SOMATIC_VEP.vcf.gz.tbi",
                "sample2/vep/somatic/sample2_SOMATIC_VEP.vcf.gz_summary.html",
                "sample3",
                "sample3/bamfiles",
                "sample3/bamfiles/sample3_tumor.bam",
                "sample3/bamfiles/sample3_tumor.bam.bai",
                "sample3/qc",
                "sample3/qc/tumor",
                "sample3/qc/tumor/cramino_aln",
                "sample3/qc/tumor/cramino_aln/sample3.arrow",
                "sample3/qc/tumor/cramino_aln/sample3_cramino.txt",
                "sample3/qc/tumor/cramino_ubam_1",
                "sample3/qc/tumor/cramino_ubam_1/sample3.arrow",
                "sample3/qc/tumor/cramino_ubam_1/sample3_cramino.txt",
                "sample3/qc/tumor/mosdepth",
                "sample3/qc/tumor/mosdepth/sample3.mosdepth.global.dist.txt",
                "sample3/qc/tumor/mosdepth/sample3.mosdepth.summary.txt",
                "sample3/qc/tumor/nanoplot_aln",
                "sample3/qc/tumor/nanoplot_aln/NanoPlot-report.html",
                "sample3/qc/tumor/nanoplot_aln/NanoStats.txt",
                "sample3/qc/tumor/nanoplot_aln/Non_weightedHistogramReadlength.html",
                "sample3/qc/tumor/nanoplot_aln/Non_weightedLogTransformed_HistogramReadlength.html",
                "sample3/qc/tumor/nanoplot_aln/PercentIdentityHistogramDynamic_Histogram_percent_identity.html",
                "sample3/qc/tumor/nanoplot_aln/PercentIdentityvsAlignedReadLength_dot.html",
                "sample3/qc/tumor/nanoplot_aln/PercentIdentityvsAlignedReadLength_kde.html",
                "sample3/qc/tumor/nanoplot_aln/WeightedHistogramReadlength.html",
                "sample3/qc/tumor/nanoplot_aln/WeightedLogTransformed_HistogramReadlength.html",
                "sample3/qc/tumor/nanoplot_aln/Yield_By_Length.html",
                "sample3/qc/tumor/nanoplot_ubam_1",
                "sample3/qc/tumor/nanoplot_ubam_1/NanoPlot-report.html",
                "sample3/qc/tumor/nanoplot_ubam_1/NanoStats.txt",
                "sample3/qc/tumor/nanoplot_ubam_1/Non_weightedHistogramReadlength.html",
                "sample3/qc/tumor/nanoplot_ubam_1/Non_weightedLogTransformed_HistogramReadlength.html",
                "sample3/qc/tumor/nanoplot_ubam_1/WeightedHistogramReadlength.html",
                "sample3/qc/tumor/nanoplot_ubam_1/WeightedLogTransformed_HistogramReadlength.html",
                "sample3/qc/tumor/nanoplot_ubam_1/Yield_By_Length.html",
                "sample3/qc/tumor/samtools",
                "sample3/qc/tumor/samtools/sample3.flagstat",
                "sample3/qc/tumor/samtools/sample3.idxstats",
                "sample3/qc/tumor/samtools/sample3.stats",
                "sample3/variants",
                "sample3/variants/clairsto",
                "sample3/variants/clairsto/germline.vcf.gz",
                "sample3/variants/clairsto/germline.vcf.gz.tbi",
                "sample3/variants/clairsto/indel.vcf.gz",
                "sample3/variants/clairsto/indel.vcf.gz.tbi",
                "sample3/variants/clairsto/snv.vcf.gz",
                "sample3/variants/clairsto/snv.vcf.gz.tbi",
                "sample3/variants/clairsto/somatic.vcf.gz",
                "sample3/variants/clairsto/somatic.vcf.gz.tbi",
                "sample3/variants/severus",
                "sample3/variants/severus/all_SVs",
                "sample3/variants/severus/all_SVs/severus_all.vcf.gz",
                "sample3/variants/severus/breakpoints_double.csv",
                "sample3/variants/severus/read_ids.csv",
                "sample3/variants/severus/read_qual.txt",
                "sample3/variants/severus/severus.log",
                "sample3/variants/severus/somatic_SVs",
                "sample3/variants/severus/somatic_SVs/severus_somatic.vcf.gz",
                "sample3/vep",
                "sample3/vep/SVs",
                "sample3/vep/SVs/sample3_SV_VEP.vcf.gz",
                "sample3/vep/SVs/sample3_SV_VEP.vcf.gz.tbi",
                "sample3/vep/SVs/sample3_SV_VEP.vcf.gz_summary.html",
                "sample3/vep/germline",
                "sample3/vep/germline/sample3_GERMLINE_VEP.vcf.gz",
                "sample3/vep/germline/sample3_GERMLINE_VEP.vcf.gz.tbi",
                "sample3/vep/germline/sample3_GERMLINE_VEP.vcf.gz_summary.html",
                "sample3/vep/somatic",
                "sample3/vep/somatic/sample3_SOMATIC_VEP.vcf.gz",
                "sample3/vep/somatic/sample3_SOMATIC_VEP.vcf.gz.tbi",
                "sample3/vep/somatic/sample3_SOMATIC_VEP.vcf.gz_summary.html",
                "sample4",
                "sample4/bamfiles",
                "sample4/bamfiles/sample4_normal.bam",
                "sample4/bamfiles/sample4_normal.bam.bai",
                "sample4/bamfiles/sample4_tumor.bam",
                "sample4/bamfiles/sample4_tumor.bam.bai",
                "sample4/qc",
                "sample4/qc/normal",
                "sample4/qc/normal/cramino_aln",
                "sample4/qc/normal/cramino_aln/sample4.arrow",
                "sample4/qc/normal/cramino_aln/sample4_cramino.txt",
                "sample4/qc/normal/cramino_ubam_1",
                "sample4/qc/normal/cramino_ubam_1/sample4.arrow",
                "sample4/qc/normal/cramino_ubam_1/sample4_cramino.txt",
                "sample4/qc/normal/cramino_ubam_2",
                "sample4/qc/normal/cramino_ubam_2/sample4.arrow",
                "sample4/qc/normal/cramino_ubam_2/sample4_cramino.txt",
                "sample4/qc/normal/mosdepth",
                "sample4/qc/normal/mosdepth/sample4.mosdepth.global.dist.txt",
                "sample4/qc/normal/mosdepth/sample4.mosdepth.summary.txt",
                "sample4/qc/normal/nanoplot_aln",
                "sample4/qc/normal/nanoplot_aln/NanoPlot-report.html",
                "sample4/qc/normal/nanoplot_aln/NanoStats.txt",
                "sample4/qc/normal/nanoplot_aln/Non_weightedHistogramReadlength.html",
                "sample4/qc/normal/nanoplot_aln/Non_weightedLogTransformed_HistogramReadlength.html",
                "sample4/qc/normal/nanoplot_aln/PercentIdentityHistogramDynamic_Histogram_percent_identity.html",
                "sample4/qc/normal/nanoplot_aln/PercentIdentityvsAlignedReadLength_dot.html",
                "sample4/qc/normal/nanoplot_aln/PercentIdentityvsAlignedReadLength_kde.html",
                "sample4/qc/normal/nanoplot_aln/WeightedHistogramReadlength.html",
                "sample4/qc/normal/nanoplot_aln/WeightedLogTransformed_HistogramReadlength.html",
                "sample4/qc/normal/nanoplot_aln/Yield_By_Length.html",
                "sample4/qc/normal/nanoplot_ubam_1",
                "sample4/qc/normal/nanoplot_ubam_1/NanoPlot-report.html",
                "sample4/qc/normal/nanoplot_ubam_1/NanoStats.txt",
                "sample4/qc/normal/nanoplot_ubam_1/Non_weightedHistogramReadlength.html",
                "sample4/qc/normal/nanoplot_ubam_1/Non_weightedLogTransformed_HistogramReadlength.html",
                "sample4/qc/normal/nanoplot_ubam_1/WeightedHistogramReadlength.html",
                "sample4/qc/normal/nanoplot_ubam_1/WeightedLogTransformed_HistogramReadlength.html",
                "sample4/qc/normal/nanoplot_ubam_1/Yield_By_Length.html",
                "sample4/qc/normal/nanoplot_ubam_2",
                "sample4/qc/normal/nanoplot_ubam_2/NanoPlot-report.html",
                "sample4/qc/normal/nanoplot_ubam_2/NanoStats.txt",
                "sample4/qc/normal/nanoplot_ubam_2/Non_weightedHistogramReadlength.html",
                "sample4/qc/normal/nanoplot_ubam_2/Non_weightedLogTransformed_HistogramReadlength.html",
                "sample4/qc/normal/nanoplot_ubam_2/WeightedHistogramReadlength.html",
                "sample4/qc/normal/nanoplot_ubam_2/WeightedLogTransformed_HistogramReadlength.html",
                "sample4/qc/normal/nanoplot_ubam_2/Yield_By_Length.html",
                "sample4/qc/normal/samtools",
                "sample4/qc/normal/samtools/sample4.flagstat",
                "sample4/qc/normal/samtools/sample4.idxstats",
                "sample4/qc/normal/samtools/sample4.stats",
                "sample4/qc/tumor",
                "sample4/qc/tumor/cramino_aln",
                "sample4/qc/tumor/cramino_aln/sample4.arrow",
                "sample4/qc/tumor/cramino_aln/sample4_cramino.txt",
                "sample4/qc/tumor/cramino_ubam_1",
                "sample4/qc/tumor/cramino_ubam_1/sample4.arrow",
                "sample4/qc/tumor/cramino_ubam_1/sample4_cramino.txt",
                "sample4/qc/tumor/cramino_ubam_2",
                "sample4/qc/tumor/cramino_ubam_2/sample4.arrow",
                "sample4/qc/tumor/cramino_ubam_2/sample4_cramino.txt",
                "sample4/qc/tumor/mosdepth",
                "sample4/qc/tumor/mosdepth/sample4.mosdepth.global.dist.txt",
                "sample4/qc/tumor/mosdepth/sample4.mosdepth.summary.txt",
                "sample4/qc/tumor/nanoplot_aln",
                "sample4/qc/tumor/nanoplot_aln/NanoPlot-report.html",
                "sample4/qc/tumor/nanoplot_aln/NanoStats.txt",
                "sample4/qc/tumor/nanoplot_aln/Non_weightedHistogramReadlength.html",
                "sample4/qc/tumor/nanoplot_aln/Non_weightedLogTransformed_HistogramReadlength.html",
                "sample4/qc/tumor/nanoplot_aln/PercentIdentityHistogramDynamic_Histogram_percent_identity.html",
                "sample4/qc/tumor/nanoplot_aln/PercentIdentityvsAlignedReadLength_dot.html",
                "sample4/qc/tumor/nanoplot_aln/PercentIdentityvsAlignedReadLength_kde.html",
                "sample4/qc/tumor/nanoplot_aln/WeightedHistogramReadlength.html",
                "sample4/qc/tumor/nanoplot_aln/WeightedLogTransformed_HistogramReadlength.html",
                "sample4/qc/tumor/nanoplot_aln/Yield_By_Length.html",
                "sample4/qc/tumor/nanoplot_ubam_1",
                "sample4/qc/tumor/nanoplot_ubam_1/NanoPlot-report.html",
                "sample4/qc/tumor/nanoplot_ubam_1/NanoStats.txt",
                "sample4/qc/tumor/nanoplot_ubam_1/Non_weightedHistogramReadlength.html",
                "sample4/qc/tumor/nanoplot_ubam_1/Non_weightedLogTransformed_HistogramReadlength.html",
                "sample4/qc/tumor/nanoplot_ubam_1/WeightedHistogramReadlength.html",
                "sample4/qc/tumor/nanoplot_ubam_1/WeightedLogTransformed_HistogramReadlength.html",
                "sample4/qc/tumor/nanoplot_ubam_1/Yield_By_Length.html",
                "sample4/qc/tumor/nanoplot_ubam_2",
                "sample4/qc/tumor/nanoplot_ubam_2/NanoPlot-report.html",
                "sample4/qc/tumor/nanoplot_ubam_2/NanoStats.txt",
                "sample4/qc/tumor/nanoplot_ubam_2/Non_weightedHistogramReadlength.html",
                "sample4/qc/tumor/nanoplot_ubam_2/Non_weightedLogTransformed_HistogramReadlength.html",
                "sample4/qc/tumor/nanoplot_ubam_2/WeightedHistogramReadlength.html",
                "sample4/qc/tumor/nanoplot_ubam_2/WeightedLogTransformed_HistogramReadlength.html",
                "sample4/qc/tumor/nanoplot_ubam_2/Yield_By_Length.html",
                "sample4/qc/tumor/samtools",
                "sample4/qc/tumor/samtools/sample4.flagstat",
                "sample4/qc/tumor/samtools/sample4.idxstats",
                "sample4/qc/tumor/samtools/sample4.stats",
                "sample4/variants",
                "sample4/variants/clair3",
                "sample4/variants/clair3/merge_output.vcf.gz",
                "sample4/variants/clair3/merge_output.vcf.gz.tbi",
                "sample4/variants/clairs",
                "sample4/variants/clairs/indel.vcf.gz",
                "sample4/variants/clairs/indel.vcf.gz.tbi",
                "sample4/variants/clairs/snvs.vcf.gz",
                "sample4/variants/clairs/snvs.vcf.gz.tbi",
                "sample4/variants/severus",
                "sample4/variants/severus/all_SVs",
                "sample4/variants/severus/all_SVs/severus_all.vcf.gz",
                "sample4/variants/severus/breakpoints_double.csv",
                "sample4/variants/severus/read_ids.csv",
                "sample4/variants/severus/read_qual.txt",
                "sample4/variants/severus/severus.log",
                "sample4/variants/severus/somatic_SVs",
                "sample4/variants/severus/somatic_SVs/severus_somatic.vcf.gz",
                "sample4/vep",
                "sample4/vep/SVs",
                "sample4/vep/SVs/sample4_SV_VEP.vcf.gz",
                "sample4/vep/SVs/sample4_SV_VEP.vcf.gz.tbi",
                "sample4/vep/SVs/sample4_SV_VEP.vcf.gz_summary.html",
                "sample4/vep/germline",
                "sample4/vep/germline/sample4_GERMLINE_VEP.vcf.gz",
                "sample4/vep/germline/sample4_GERMLINE_VEP.vcf.gz.tbi",
                "sample4/vep/germline/sample4_GERMLINE_VEP.vcf.gz_summary.html",
                "sample4/vep/somatic",
                "sample4/vep/somatic/sample4_SOMATIC_VEP.vcf.gz",
                "sample4/vep/somatic/sample4_SOMATIC_VEP.vcf.gz.tbi",
                "sample4/vep/somatic/sample4_SOMATIC_VEP.vcf.gz_summary.html"
            ],
            [
                "sample1_normal.bam:md5,60838033f5f24aa90e16a5babcddd45b",
                "sample1_normal.bam.bai:md5,d77c4e82c8965132967be86d83a4992d",
                "sample1_tumor.bam:md5,bd73e83253c95a5fdc4db39454ee2253",
                "sample1_tumor.bam.bai:md5,8b9edeb60b0e3023c97aa4b6e2e61380",
                "sample1.arrow:md5,d1a96ecc3b5e3e934ba88363a763899f",
                "sample1.arrow:md5,94ff32ca347d77fd8af5a78b483bf98e",
                "sample1_cramino.txt:md5,efcedbb53adab9e85e5eb051d9bad90e",
                "sample1.mosdepth.global.dist.txt:md5,4e1c72f8465c18ffd854c42850eb7c5f",
                "sample1.mosdepth.summary.txt:md5,cf13d4b24e5ebf31b629a1195a1fff41",
                "NanoPlot-report.html:md5,c8cbcb6e8255446db7444fac48897fdd",
                "NanoStats.txt:md5,40388145dc647fe7b1731dcfbfb02271",
                "Non_weightedHistogramReadlength.html:md5,8afb751e616b2f34607077265e57a8b0",
                "Non_weightedLogTransformed_HistogramReadlength.html:md5,715f121fa5de0f149e4f13738b408f95",
                "PercentIdentityHistogramDynamic_Histogram_percent_identity.html:md5,effd36fc5f40bf577136aa010c6c1fd0",
                "PercentIdentityvsAlignedReadLength_dot.html:md5,5f54c1bef8343d88495d4f2d504ad29a",
                "PercentIdentityvsAlignedReadLength_kde.html:md5,313ab60427118796b7171606e4e18574",
                "WeightedHistogramReadlength.html:md5,0309f8143e98faaadd026f264cc9b12f",
                "WeightedLogTransformed_HistogramReadlength.html:md5,8ceab8049220a2869c683f61757c8bca",
                "Yield_By_Length.html:md5,fba4c0193c163aae83e14962e328af83",
                "NanoPlot-report.html:md5,4e9027a21305a8d3c511d511326b4f4a",
                "NanoStats.txt:md5,a4fb5d0237f6a0e16d75a4d4a186d5a9",
                "Non_weightedHistogramReadlength.html:md5,62edbc05284932ba6061e612d39a81f5",
                "Non_weightedLogTransformed_HistogramReadlength.html:md5,df9202a171e69f114ef3f761e5550724",
                "WeightedHistogramReadlength.html:md5,1f82feb20982f44c92a673dc65458243",
                "WeightedLogTransformed_HistogramReadlength.html:md5,a0690de90f7b871eb99d3212da424c10",
                "Yield_By_Length.html:md5,6c371f8784513490f2d752ece358c074",
                "sample1.flagstat:md5,815a5385bd57ef44847714130b80d630",
                "sample1.idxstats:md5,19be02d7e966e4a291b66ab5b14742d3",
                "sample1.stats:md5,cf4b23c58e65cb55b31463db14ed6fd3",
                "sample1.arrow:md5,d7b489b1d70541815579bf74d5aa8cb4",
                "sample1.arrow:md5,16bde96910276bac19a644c69631fedc",
                "sample1_cramino.txt:md5,ae5249ed09fbc028f0949731329af726",
                "sample1.mosdepth.global.dist.txt:md5,e04da37ef2b7cd587fa3158b9f36d2cb",
                "sample1.mosdepth.summary.txt:md5,ef3aefa72ca2e9bbbe5acc91fc1ecde6",
                "NanoPlot-report.html:md5,3ea00baa11043deefb5c588267b2a34a",
                "NanoStats.txt:md5,4b13dfb48a4cf6b4202be8648da59da8",
                "Non_weightedHistogramReadlength.html:md5,be11d7b5c93c8d4a112bfb4194fe276e",
                "Non_weightedLogTransformed_HistogramReadlength.html:md5,9b962c556993d5a3d123843f0e5fbf59",
                "PercentIdentityHistogramDynamic_Histogram_percent_identity.html:md5,388029aa610aedacef6ee70fc69d6b60",
                "PercentIdentityvsAlignedReadLength_dot.html:md5,0e3ba5a4576c88f028e225c1a11e783f",
                "PercentIdentityvsAlignedReadLength_kde.html:md5,516acc94864e372fe4eba11e89f978d5",
                "WeightedHistogramReadlength.html:md5,aad4e06d48574265a108c983296ed752",
                "WeightedLogTransformed_HistogramReadlength.html:md5,97b38f577dbe1dbd385d023c5a160e8a",
                "Yield_By_Length.html:md5,0ccabc468bf057f198d7dbb86fa04ef5",
                "NanoPlot-report.html:md5,f3a7ebf64ed64d738e8c9ebbf5e1ee5d",
                "NanoStats.txt:md5,3fe74e7afd3b03e50943f70f11660bfa",
                "Non_weightedHistogramReadlength.html:md5,5b50a06cbaccc46c439868dc47491067",
                "Non_weightedLogTransformed_HistogramReadlength.html:md5,65d1fff37f65b926adfb6e68229cb86d",
                "WeightedHistogramReadlength.html:md5,a8111ebea31e27ce78f7e137c9fcc1b3",
                "WeightedLogTransformed_HistogramReadlength.html:md5,fd5c6ebe681ff6baa3c94a25cd7840fc",
                "Yield_By_Length.html:md5,139dc6ca2812712d474a56aaae242daa",
                "sample1.flagstat:md5,34e851b5504d961632f26991160ded5a",
                "sample1.idxstats:md5,1d43b03114bcc9b70d4333e91498efbe",
                "sample1.stats:md5,da6ea076dd90b4e35ab2e23b8e6ead25",
                "breakpoints_double.csv:md5,57e4f0d5509db44179e7c5044c6bc259",
                "read_qual.txt:md5,1ad9d1900f8dcb291c97adc65c9d341c",
                "sample2_normal.bam:md5,554b89692e84b9ddd0615649e2b15820",
                "sample2_normal.bam.bai:md5,af193f1922d90b8741212d2bf690c418",
                "sample2_tumor.bam:md5,26c4e52c12aa0e874fe52ae3b729beba",
                "sample2_tumor.bam.bai:md5,e9e64e13328aa3621e7976f8e3f29a78",
                "sample2.arrow:md5,601a76e2cff7373b4705557d45706d3c",
                "sample2.arrow:md5,7a4030a6eceb4c6f6249233652b619da",
                "sample2_cramino.txt:md5,d197a8352b83a577d1a5186fa38abd8e",
                "sample2.mosdepth.global.dist.txt:md5,6cdc97a81a603db702cb5a113b8bc62a",
                "sample2.mosdepth.summary.txt:md5,864370930ec1d695d942f4960bcf8fc6",
                "NanoPlot-report.html:md5,ac1beab779b8b7dc328f29a84f93ea8a",
                "NanoStats.txt:md5,dfb476731c22b26f2f767f6e87a24476",
                "Non_weightedHistogramReadlength.html:md5,f067f4675d4d4c87a88112eb40635fdb",
                "Non_weightedLogTransformed_HistogramReadlength.html:md5,910c0b24a7a8587aafec6cef34280f16",
                "PercentIdentityHistogramDynamic_Histogram_percent_identity.html:md5,358811eca8b867b71294d5413f4500ec",
                "PercentIdentityvsAlignedReadLength_dot.html:md5,8cbf0cd11825fef5fe52536bd0e33048",
                "PercentIdentityvsAlignedReadLength_kde.html:md5,fcebe295547a4f729aa70f01df7c2204",
                "WeightedHistogramReadlength.html:md5,b602119565eaf843e1acc64503ad2cbd",
                "WeightedLogTransformed_HistogramReadlength.html:md5,32ff13de535bc5a5b45dc4150bb280b7",
                "Yield_By_Length.html:md5,f9a51f281d3b19fccfc97fd4d17e3336",
                "NanoPlot-report.html:md5,98ad5a42c3e4cfb66b4578339a9265d0",
                "NanoStats.txt:md5,3d81081b7070fdc07f9813d3bfa63367",
                "Non_weightedHistogramReadlength.html:md5,d740df4892101723755f53a5ec26b1e8",
                "Non_weightedLogTransformed_HistogramReadlength.html:md5,9c4f48b28ee8a4b1c7ec33d6dd707b2e",
                "WeightedHistogramReadlength.html:md5,8cacc216720d8cf5d9e611aa4557038e",
                "WeightedLogTransformed_HistogramReadlength.html:md5,224727d49b7d07ad24ed7571dd26eee6",
                "Yield_By_Length.html:md5,7853680df7b4476d13c2eb6ffda806a7",
                "sample2.flagstat:md5,cce0bb7ca79e14d8369ccc714adf4be3",
                "sample2.idxstats:md5,e7de97b2362a8e944896dc4eca0b0bd8",
                "sample2.stats:md5,2b7f1a2833840d350d2a4d54fed70cf7",
                "sample2.arrow:md5,8f97c887f3060678bafc1646ce644eb0",
                "sample2.arrow:md5,22a79e85d112d8e2ea5f50cbf443f6a9",
                "sample2_cramino.txt:md5,e793a0a87293c4ed489d69e4aebcf9cd",
                "sample2.mosdepth.global.dist.txt:md5,eda3bf93b39e342e85e43931ce8b417e",
                "sample2.mosdepth.summary.txt:md5,a68ca9504f5c9b73bf697d8ac22a1df0",
                "NanoPlot-report.html:md5,757ef4c906cc85b536365cfeaa4cec6b",
                "NanoStats.txt:md5,7f9288f9a425ec7985281e7d3debba02",
                "Non_weightedHistogramReadlength.html:md5,d66c677b3d6f9b8564de3ed10263b2f5",
                "Non_weightedLogTransformed_HistogramReadlength.html:md5,8413d648f409260ce0b2da01b97efe1b",
                "PercentIdentityHistogramDynamic_Histogram_percent_identity.html:md5,241024fa5110716a3e2bc69bbca08a52",
                "PercentIdentityvsAlignedReadLength_dot.html:md5,efb7aead5166f514729fd8320f8f2a0c",
                "PercentIdentityvsAlignedReadLength_kde.html:md5,b55330318641a65922bf9f756d9cb10d",
                "WeightedHistogramReadlength.html:md5,e5035f4fb0d61386954e53577dcff5e5",
                "WeightedLogTransformed_HistogramReadlength.html:md5,f37aa44a5fe5379ca41297e34be1aad0",
                "Yield_By_Length.html:md5,40a4ddc5acbe3872335cdf7b568350df",
                "NanoPlot-report.html:md5,198add34a75f6011f21cb959f2e47aac",
                "NanoStats.txt:md5,a5a89662e201ce5194fd3fa484e4ac9e",
                "Non_weightedHistogramReadlength.html:md5,21517b0ac4fe6563b3c0d847e0c27ec1",
                "Non_weightedLogTransformed_HistogramReadlength.html:md5,b72e4c39e90367a4f4ad31fed8a001ff",
                "WeightedHistogramReadlength.html:md5,a8a2881a11ffc8fa4f86273447a36d11",
                "WeightedLogTransformed_HistogramReadlength.html:md5,2c14ebd56b80f7c6b27418ce7f91f09a",
                "Yield_By_Length.html:md5,2ab87f6dddce7dda05deb7f36b1eea9f",
                "sample2.flagstat:md5,83e7d7d922941691d2b023f0bd9655aa",
                "sample2.idxstats:md5,fe8a5d1263481ea7902d575b4d95f655",
                "sample2.stats:md5,defe74842396209b6cff4b32994287c7",
                "breakpoints_double.csv:md5,b71bba578c126b9217765d854b21028a",
                "read_qual.txt:md5,27edf87814aec6fa18546c8606aae4ed",
                "sample3_tumor.bam:md5,2308beb1b4be1f0e1d6c8e52bd4f9266",
                "sample3_tumor.bam.bai:md5,840eb3ad5ed3216a97c6a58563d4dcb1",
                "sample3.arrow:md5,d7b489b1d70541815579bf74d5aa8cb4",
                "sample3.arrow:md5,16bde96910276bac19a644c69631fedc",
                "sample3_cramino.txt:md5,ae5249ed09fbc028f0949731329af726",
                "sample3.mosdepth.global.dist.txt:md5,e04da37ef2b7cd587fa3158b9f36d2cb",
                "sample3.mosdepth.summary.txt:md5,ef3aefa72ca2e9bbbe5acc91fc1ecde6",
                "NanoPlot-report.html:md5,b44ca5e7b0c9150fb4516d9dbc3d7fdc",
                "NanoStats.txt:md5,4b13dfb48a4cf6b4202be8648da59da8",
                "Non_weightedHistogramReadlength.html:md5,6792893ad36a1309eb2fbcc85e6938f4",
                "Non_weightedLogTransformed_HistogramReadlength.html:md5,6d8d7c39e1616233e83a3b5af56b18fb",
                "PercentIdentityHistogramDynamic_Histogram_percent_identity.html:md5,9cf127d2f11027105d03f52c72387963",
                "PercentIdentityvsAlignedReadLength_dot.html:md5,540908c1e28fa6ea0ec1cc6b6536b7a9",
                "PercentIdentityvsAlignedReadLength_kde.html:md5,89def0f3dbccafb66ba2d9460b3772cb",
                "WeightedHistogramReadlength.html:md5,fe769d4f5e6231f5727829d9ce71fc21",
                "WeightedLogTransformed_HistogramReadlength.html:md5,604832cfbde0d373af0c8f21133f756f",
                "Yield_By_Length.html:md5,d1fcb2fbdbff007260b7d786e3b43e3c",
                "NanoPlot-report.html:md5,7d0a63785188079d2ccff8ae82067629",
                "NanoStats.txt:md5,3fe74e7afd3b03e50943f70f11660bfa",
                "Non_weightedHistogramReadlength.html:md5,c590c93699d4a5ccee8869a62942ac25",
                "Non_weightedLogTransformed_HistogramReadlength.html:md5,bf2f2e69f69f9a99192f46cd18ca20aa",
                "WeightedHistogramReadlength.html:md5,9854181af52585ee2a49c77d6a576530",
                "WeightedLogTransformed_HistogramReadlength.html:md5,67a330aec920edfb29654ab896cd9848",
                "Yield_By_Length.html:md5,3a4293c71df6190541684e7da53f54fd",
                "sample3.flagstat:md5,34e851b5504d961632f26991160ded5a",
                "sample3.idxstats:md5,1d43b03114bcc9b70d4333e91498efbe",
                "sample3.stats:md5,b0f46b772514f0de08f1b2d88aa5968f",
                "breakpoints_double.csv:md5,298a01c868eb493baaaa90ced9a9f17e",
                "read_qual.txt:md5,1b4392f3b9071533e9ea77ff9df6c813",
                "sample4_normal.bam:md5,b1fca5de53966e0927c557afad3d8df3",
                "sample4_normal.bam.bai:md5,d77c4e82c8965132967be86d83a4992d",
                "sample4_tumor.bam:md5,493ba7936ae34d0f06d65d416fefb435",
                "sample4_tumor.bam.bai:md5,8b9edeb60b0e3023c97aa4b6e2e61380",
                "sample4.arrow:md5,d1a96ecc3b5e3e934ba88363a763899f",
                "sample4.arrow:md5,94ff32ca347d77fd8af5a78b483bf98e",
                "sample4_cramino.txt:md5,efcedbb53adab9e85e5eb051d9bad90e",
                "sample4.arrow:md5,94ff32ca347d77fd8af5a78b483bf98e",
                "sample4_cramino.txt:md5,efcedbb53adab9e85e5eb051d9bad90e",
                "sample4.mosdepth.global.dist.txt:md5,4e1c72f8465c18ffd854c42850eb7c5f",
                "sample4.mosdepth.summary.txt:md5,cf13d4b24e5ebf31b629a1195a1fff41",
                "NanoPlot-report.html:md5,d9fe25246a3c2116f484902540afd4ec",
                "NanoStats.txt:md5,40388145dc647fe7b1731dcfbfb02271",
                "Non_weightedHistogramReadlength.html:md5,9ecddf487add956f8fda10332180b3ac",
                "Non_weightedLogTransformed_HistogramReadlength.html:md5,8c3d970892019f54c3b42162f4797d0c",
                "PercentIdentityHistogramDynamic_Histogram_percent_identity.html:md5,0fc194c1e243efb5b76cffbd28d86a65",
                "PercentIdentityvsAlignedReadLength_dot.html:md5,f78246f54336b775189a10167cea8ece",
                "PercentIdentityvsAlignedReadLength_kde.html:md5,6e7d978c54abe1ea7940f8ab6c354d8e",
                "WeightedHistogramReadlength.html:md5,c7395ac03209d85671321ed7533f78fb",
                "WeightedLogTransformed_HistogramReadlength.html:md5,08987637cfa7a8d6db6703328acc7e8d",
                "Yield_By_Length.html:md5,3ebac374df1ebe4911ceeef799780858",
                "NanoPlot-report.html:md5,5586b5e20590cbc977c0d6fc2c423ef6",
                "NanoStats.txt:md5,a4fb5d0237f6a0e16d75a4d4a186d5a9",
                "Non_weightedHistogramReadlength.html:md5,add1273b6426ed68b0208000f05c61b9",
                "Non_weightedLogTransformed_HistogramReadlength.html:md5,d15d65ba402efdd9c1692ee7501caecf",
                "WeightedHistogramReadlength.html:md5,d0bc85f894f183a57b54172c69aeb1c8",
                "WeightedLogTransformed_HistogramReadlength.html:md5,5664ba45110e8b9f5232818c67d7a4b0",
                "Yield_By_Length.html:md5,1b35a7b92d459c34d9c9aa27dffbfdb6",
                "NanoPlot-report.html:md5,51a94261fabbbf0e06862c9e1545b006",
                "NanoStats.txt:md5,a4fb5d0237f6a0e16d75a4d4a186d5a9",
                "Non_weightedHistogramReadlength.html:md5,4e092ba8c4d6394b8e5bf79762ad2e58",
                "Non_weightedLogTransformed_HistogramReadlength.html:md5,0e73bb0a8edf2568c436bd5c44844189",
                "WeightedHistogramReadlength.html:md5,45dfa26e5222951fe74e745fba190622",
                "WeightedLogTransformed_HistogramReadlength.html:md5,fc79f9277e98f5e8488b06e96a5ed9a6",
                "Yield_By_Length.html:md5,a32f6f45ef3890937831418aee3c1204",
                "sample4.flagstat:md5,815a5385bd57ef44847714130b80d630",
                "sample4.idxstats:md5,19be02d7e966e4a291b66ab5b14742d3",
                "sample4.stats:md5,8830836e19681287abd7eabfc8ac10bd",
                "sample4.arrow:md5,d7b489b1d70541815579bf74d5aa8cb4",
                "sample4.arrow:md5,16bde96910276bac19a644c69631fedc",
                "sample4_cramino.txt:md5,ae5249ed09fbc028f0949731329af726",
                "sample4.arrow:md5,16bde96910276bac19a644c69631fedc",
                "sample4_cramino.txt:md5,ae5249ed09fbc028f0949731329af726",
                "sample4.mosdepth.global.dist.txt:md5,e04da37ef2b7cd587fa3158b9f36d2cb",
                "sample4.mosdepth.summary.txt:md5,ef3aefa72ca2e9bbbe5acc91fc1ecde6",
                "NanoPlot-report.html:md5,31c64fbd50cb09971dd75c8a81f36cfa",
                "NanoStats.txt:md5,4b13dfb48a4cf6b4202be8648da59da8",
                "Non_weightedHistogramReadlength.html:md5,0e76c09caf2858d803d9c01a28ee8e6c",
                "Non_weightedLogTransformed_HistogramReadlength.html:md5,46abfae095ea52e81ce71b4de69f8921",
                "PercentIdentityHistogramDynamic_Histogram_percent_identity.html:md5,fdd686719dabb5e60a0cd697ee6dc324",
                "PercentIdentityvsAlignedReadLength_dot.html:md5,7867710d0f0282dcd7620e2ea2a95c40",
                "PercentIdentityvsAlignedReadLength_kde.html:md5,4a6bcdc361a30707848c2f4286afb277",
                "WeightedHistogramReadlength.html:md5,18859070ef27e8db77a70bb07d739bc3",
                "WeightedLogTransformed_HistogramReadlength.html:md5,d0a648cc14777aeb4bbbf96a7a620252",
                "Yield_By_Length.html:md5,27e5c6db9d5eb179e21652f16e638a88",
                "NanoPlot-report.html:md5,42ed022d2676ace745c3f101d58c0de5",
                "NanoStats.txt:md5,3fe74e7afd3b03e50943f70f11660bfa",
                "Non_weightedHistogramReadlength.html:md5,495c95747e6923beb73ed9ccff07973c",
                "Non_weightedLogTransformed_HistogramReadlength.html:md5,f8affcc9e70292976915d128f46244bf",
                "WeightedHistogramReadlength.html:md5,db6a879957f80060978bf050ae63da4e",
                "WeightedLogTransformed_HistogramReadlength.html:md5,d4a87125b8de85ec5ca7336d27df4379",
                "Yield_By_Length.html:md5,4953226526548698ebdadd32b18a9651",
                "NanoPlot-report.html:md5,d933d539410dde8d9faf8ae3d18d4514",
                "NanoStats.txt:md5,3fe74e7afd3b03e50943f70f11660bfa",
                "Non_weightedHistogramReadlength.html:md5,7a1558714b43d63dab66563f3381045d",
                "Non_weightedLogTransformed_HistogramReadlength.html:md5,b864b1f5fff9d07562ea0ad7ce4a1729",
                "WeightedHistogramReadlength.html:md5,fb98a7f31f65e15b5ddd4cc651b745be",
                "WeightedLogTransformed_HistogramReadlength.html:md5,4657ca4d4d750a491be2d3f8c89257e1",
                "Yield_By_Length.html:md5,2748e991bfb0f94a0c980bfa593506a9",
                "sample4.flagstat:md5,34e851b5504d961632f26991160ded5a",
                "sample4.idxstats:md5,1d43b03114bcc9b70d4333e91498efbe",
                "sample4.stats:md5,dc8fec65923bf23826689ec1865f6fff",
                "breakpoints_double.csv:md5,eafc71d123fb6ea562b5dd1fba243bd7",
                "read_qual.txt:md5,1ad9d1900f8dcb291c97adc65c9d341c"
            ]
        ],
        "meta": {
            "nf-test": "0.9.3",
            "nextflow": "25.10.2"
        },
        "timestamp": "2026-03-12T10:24:45.028206459"
    }
}