{
    "-profile test": {
        "content": [
            {
                "BCFTOOLS_CONCAT": {
                    "bcftools": 1.22
                },
                "BCFTOOLS_SORT": {
                    "bcftools": 1.22
                },
                "CLAIR3": {
                    "clair3": "1.2.0"
                },
                "CLAIRS": {
                    "clairs": "0.4.4"
                },
                "CLAIRSTO": {
                    "clairsto": "0.4.2"
                },
                "CRAMINO_POST": {
                    "cramino": "1.3.0"
                },
                "CRAMINO_PRE": {
                    "cramino": "1.3.0"
                },
                "GERMLINE_VEP": {
                    "ensemblvep": 114.2,
                    "tabix": 1.21
                },
                "LONGPHASE_HAPLOTAG": {
                    "longphase": 2.0
                },
                "LONGPHASE_PHASE": {
                    "longphase": 2.0,
                    "tabix": "1.22.1"
                },
                "METAEXTRACT": {
                    "samtools": 1.21
                },
                "MINIMAP2_ALIGN": {
                    "minimap2": "2.29-r1283",
                    "samtools": 1.21
                },
                "MOSDEPTH": {
                    "mosdepth": "0.3.11"
                },
                "SAMTOOLS_FAIDX": {
                    "samtools": "1.22.1"
                },
                "SAMTOOLS_FLAGSTAT": {
                    "samtools": "1.22.1"
                },
                "SAMTOOLS_IDXSTATS": {
                    "samtools": "1.22.1"
                },
                "SAMTOOLS_INDEX": {
                    "samtools": "1.22.1"
                },
                "SAMTOOLS_STATS": {
                    "samtools": "1.22.1"
                },
                "SEVERUS": {
                    "severus": 1.6
                },
                "SOMATIC_VEP": {
                    "ensemblvep": 114.2,
                    "tabix": 1.21
                },
                "SV_VEP": {
                    "ensemblvep": 114.2,
                    "tabix": 1.21
                },
                "UNTAR": {
                    "untar": 1.34
                },
                "UNZIP_FASTA": {
                    "pigz": 2.8
                },
                "VCFSPLIT": {
                    "bcftools": 1.2
                },
                "WGET": {
                    "wget": "1.21.4"
                },
                "Workflow": {
                    "IntGenomicsLab/lrsomatic": "v1.1.0dev"
                }
            },
            [
                "multiqc",
                "multiqc/multiqc_data",
                "multiqc/multiqc_data/llms-full.txt",
                "multiqc/multiqc_data/mosdepth-coverage-per-contig-single.txt",
                "multiqc/multiqc_data/mosdepth-cumcoverage-dist-id.txt",
                "multiqc/multiqc_data/mosdepth_cov_dist.txt",
                "multiqc/multiqc_data/mosdepth_cumcov_dist.txt",
                "multiqc/multiqc_data/mosdepth_perchrom.txt",
                "multiqc/multiqc_data/multiqc.log",
                "multiqc/multiqc_data/multiqc.parquet",
                "multiqc/multiqc_data/multiqc_citations.txt",
                "multiqc/multiqc_data/multiqc_data.json",
                "multiqc/multiqc_data/multiqc_general_stats.txt",
                "multiqc/multiqc_data/multiqc_software_versions.txt",
                "multiqc/multiqc_data/multiqc_sources.txt",
                "multiqc/multiqc_plots",
                "multiqc/multiqc_plots/pdf",
                "multiqc/multiqc_plots/pdf/mosdepth-coverage-per-contig-single-cnt.pdf",
                "multiqc/multiqc_plots/pdf/mosdepth-coverage-per-contig-single-pct.pdf",
                "multiqc/multiqc_plots/pdf/mosdepth-cumcoverage-dist-id.pdf",
                "multiqc/multiqc_plots/png",
                "multiqc/multiqc_plots/png/mosdepth-coverage-per-contig-single-cnt.png",
                "multiqc/multiqc_plots/png/mosdepth-coverage-per-contig-single-pct.png",
                "multiqc/multiqc_plots/png/mosdepth-cumcoverage-dist-id.png",
                "multiqc/multiqc_plots/svg",
                "multiqc/multiqc_plots/svg/mosdepth-coverage-per-contig-single-cnt.svg",
                "multiqc/multiqc_plots/svg/mosdepth-coverage-per-contig-single-pct.svg",
                "multiqc/multiqc_plots/svg/mosdepth-cumcoverage-dist-id.svg",
                "multiqc/multiqc_report.html",
                "pipeline_info",
                "pipeline_info/lrsomatic_software_mqc_versions.yml",
                "sample1",
                "sample1/bamfiles",
                "sample1/bamfiles/sample1_normal.bam",
                "sample1/bamfiles/sample1_normal.bam.bai",
                "sample1/bamfiles/sample1_tumor.bam",
                "sample1/bamfiles/sample1_tumor.bam.bai",
                "sample1/qc",
                "sample1/qc/normal",
                "sample1/qc/normal/cramino_aln",
                "sample1/qc/normal/cramino_aln/sample1.arrow",
                "sample1/qc/normal/cramino_aln/sample1_cramino.txt",
                "sample1/qc/normal/cramino_ubam_1",
                "sample1/qc/normal/cramino_ubam_1/sample1.arrow",
                "sample1/qc/normal/cramino_ubam_1/sample1_cramino.txt",
                "sample1/qc/normal/mosdepth",
                "sample1/qc/normal/mosdepth/sample1.mosdepth.global.dist.txt",
                "sample1/qc/normal/mosdepth/sample1.mosdepth.summary.txt",
                "sample1/qc/normal/nanoplot_aln",
                "sample1/qc/normal/nanoplot_aln/NanoPlot-report.html",
                "sample1/qc/normal/nanoplot_aln/NanoStats.txt",
                "sample1/qc/normal/nanoplot_aln/Non_weightedHistogramReadlength.html",
                "sample1/qc/normal/nanoplot_aln/Non_weightedLogTransformed_HistogramReadlength.html",
                "sample1/qc/normal/nanoplot_aln/PercentIdentityHistogramDynamic_Histogram_percent_identity.html",
                "sample1/qc/normal/nanoplot_aln/PercentIdentityvsAlignedReadLength_dot.html",
                "sample1/qc/normal/nanoplot_aln/PercentIdentityvsAlignedReadLength_kde.html",
                "sample1/qc/normal/nanoplot_aln/WeightedHistogramReadlength.html",
                "sample1/qc/normal/nanoplot_aln/WeightedLogTransformed_HistogramReadlength.html",
                "sample1/qc/normal/nanoplot_aln/Yield_By_Length.html",
                "sample1/qc/normal/nanoplot_ubam_1",
                "sample1/qc/normal/nanoplot_ubam_1/NanoPlot-report.html",
                "sample1/qc/normal/nanoplot_ubam_1/NanoStats.txt",
                "sample1/qc/normal/nanoplot_ubam_1/Non_weightedHistogramReadlength.html",
                "sample1/qc/normal/nanoplot_ubam_1/Non_weightedLogTransformed_HistogramReadlength.html",
                "sample1/qc/normal/nanoplot_ubam_1/WeightedHistogramReadlength.html",
                "sample1/qc/normal/nanoplot_ubam_1/WeightedLogTransformed_HistogramReadlength.html",
                "sample1/qc/normal/nanoplot_ubam_1/Yield_By_Length.html",
                "sample1/qc/normal/samtools",
                "sample1/qc/normal/samtools/sample1.flagstat",
                "sample1/qc/normal/samtools/sample1.idxstats",
                "sample1/qc/normal/samtools/sample1.stats",
                "sample1/qc/tumor",
                "sample1/qc/tumor/cramino_aln",
                "sample1/qc/tumor/cramino_aln/sample1.arrow",
                "sample1/qc/tumor/cramino_aln/sample1_cramino.txt",
                "sample1/qc/tumor/cramino_ubam_1",
                "sample1/qc/tumor/cramino_ubam_1/sample1.arrow",
                "sample1/qc/tumor/cramino_ubam_1/sample1_cramino.txt",
                "sample1/qc/tumor/mosdepth",
                "sample1/qc/tumor/mosdepth/sample1.mosdepth.global.dist.txt",
                "sample1/qc/tumor/mosdepth/sample1.mosdepth.summary.txt",
                "sample1/qc/tumor/nanoplot_aln",
                "sample1/qc/tumor/nanoplot_aln/NanoPlot-report.html",
                "sample1/qc/tumor/nanoplot_aln/NanoStats.txt",
                "sample1/qc/tumor/nanoplot_aln/Non_weightedHistogramReadlength.html",
                "sample1/qc/tumor/nanoplot_aln/Non_weightedLogTransformed_HistogramReadlength.html",
                "sample1/qc/tumor/nanoplot_aln/PercentIdentityHistogramDynamic_Histogram_percent_identity.html",
                "sample1/qc/tumor/nanoplot_aln/PercentIdentityvsAlignedReadLength_dot.html",
                "sample1/qc/tumor/nanoplot_aln/PercentIdentityvsAlignedReadLength_kde.html",
                "sample1/qc/tumor/nanoplot_aln/WeightedHistogramReadlength.html",
                "sample1/qc/tumor/nanoplot_aln/WeightedLogTransformed_HistogramReadlength.html",
                "sample1/qc/tumor/nanoplot_aln/Yield_By_Length.html",
                "sample1/qc/tumor/nanoplot_ubam_1",
                "sample1/qc/tumor/nanoplot_ubam_1/NanoPlot-report.html",
                "sample1/qc/tumor/nanoplot_ubam_1/NanoStats.txt",
                "sample1/qc/tumor/nanoplot_ubam_1/Non_weightedHistogramReadlength.html",
                "sample1/qc/tumor/nanoplot_ubam_1/Non_weightedLogTransformed_HistogramReadlength.html",
                "sample1/qc/tumor/nanoplot_ubam_1/WeightedHistogramReadlength.html",
                "sample1/qc/tumor/nanoplot_ubam_1/WeightedLogTransformed_HistogramReadlength.html",
                "sample1/qc/tumor/nanoplot_ubam_1/Yield_By_Length.html",
                "sample1/qc/tumor/samtools",
                "sample1/qc/tumor/samtools/sample1.flagstat",
                "sample1/qc/tumor/samtools/sample1.idxstats",
                "sample1/qc/tumor/samtools/sample1.stats",
                "sample1/variants",
                "sample1/variants/clair3",
                "sample1/variants/clair3/merge_output.vcf.gz",
                "sample1/variants/clair3/merge_output.vcf.gz.tbi",
                "sample1/variants/clairs",
                "sample1/variants/clairs/indel.vcf.gz",
                "sample1/variants/clairs/indel.vcf.gz.tbi",
                "sample1/variants/clairs/snvs.vcf.gz",
                "sample1/variants/clairs/snvs.vcf.gz.tbi",
                "sample1/variants/severus",
                "sample1/variants/severus/all_SVs",
                "sample1/variants/severus/all_SVs/severus_all.vcf.gz",
                "sample1/variants/severus/breakpoints_double.csv",
                "sample1/variants/severus/read_ids.csv",
                "sample1/variants/severus/read_qual.txt",
                "sample1/variants/severus/severus.log",
                "sample1/variants/severus/somatic_SVs",
                "sample1/variants/severus/somatic_SVs/severus_somatic.vcf.gz",
                "sample1/vep",
                "sample1/vep/SVs",
                "sample1/vep/SVs/sample1_SV_VEP.vcf.gz",
                "sample1/vep/SVs/sample1_SV_VEP.vcf.gz.tbi",
                "sample1/vep/SVs/sample1_SV_VEP.vcf.gz_summary.html",
                "sample1/vep/germline",
                "sample1/vep/germline/sample1_GERMLINE_VEP.vcf.gz",
                "sample1/vep/germline/sample1_GERMLINE_VEP.vcf.gz.tbi",
                "sample1/vep/germline/sample1_GERMLINE_VEP.vcf.gz_summary.html",
                "sample1/vep/somatic",
                "sample1/vep/somatic/sample1_SOMATIC_VEP.vcf.gz",
                "sample1/vep/somatic/sample1_SOMATIC_VEP.vcf.gz.tbi",
                "sample1/vep/somatic/sample1_SOMATIC_VEP.vcf.gz_summary.html",
                "sample2",
                "sample2/bamfiles",
                "sample2/bamfiles/sample2_normal.bam",
                "sample2/bamfiles/sample2_normal.bam.bai",
                "sample2/bamfiles/sample2_tumor.bam",
                "sample2/bamfiles/sample2_tumor.bam.bai",
                "sample2/qc",
                "sample2/qc/normal",
                "sample2/qc/normal/cramino_aln",
                "sample2/qc/normal/cramino_aln/sample2.arrow",
                "sample2/qc/normal/cramino_aln/sample2_cramino.txt",
                "sample2/qc/normal/cramino_ubam_1",
                "sample2/qc/normal/cramino_ubam_1/sample2.arrow",
                "sample2/qc/normal/cramino_ubam_1/sample2_cramino.txt",
                "sample2/qc/normal/mosdepth",
                "sample2/qc/normal/mosdepth/sample2.mosdepth.global.dist.txt",
                "sample2/qc/normal/mosdepth/sample2.mosdepth.summary.txt",
                "sample2/qc/normal/nanoplot_aln",
                "sample2/qc/normal/nanoplot_aln/NanoPlot-report.html",
                "sample2/qc/normal/nanoplot_aln/NanoStats.txt",
                "sample2/qc/normal/nanoplot_aln/Non_weightedHistogramReadlength.html",
                "sample2/qc/normal/nanoplot_aln/Non_weightedLogTransformed_HistogramReadlength.html",
                "sample2/qc/normal/nanoplot_aln/PercentIdentityHistogramDynamic_Histogram_percent_identity.html",
                "sample2/qc/normal/nanoplot_aln/PercentIdentityvsAlignedReadLength_dot.html",
                "sample2/qc/normal/nanoplot_aln/PercentIdentityvsAlignedReadLength_kde.html",
                "sample2/qc/normal/nanoplot_aln/WeightedHistogramReadlength.html",
                "sample2/qc/normal/nanoplot_aln/WeightedLogTransformed_HistogramReadlength.html",
                "sample2/qc/normal/nanoplot_aln/Yield_By_Length.html",
                "sample2/qc/normal/nanoplot_ubam_1",
                "sample2/qc/normal/nanoplot_ubam_1/NanoPlot-report.html",
                "sample2/qc/normal/nanoplot_ubam_1/NanoStats.txt",
                "sample2/qc/normal/nanoplot_ubam_1/Non_weightedHistogramReadlength.html",
                "sample2/qc/normal/nanoplot_ubam_1/Non_weightedLogTransformed_HistogramReadlength.html",
                "sample2/qc/normal/nanoplot_ubam_1/WeightedHistogramReadlength.html",
                "sample2/qc/normal/nanoplot_ubam_1/WeightedLogTransformed_HistogramReadlength.html",
                "sample2/qc/normal/nanoplot_ubam_1/Yield_By_Length.html",
                "sample2/qc/normal/samtools",
                "sample2/qc/normal/samtools/sample2.flagstat",
                "sample2/qc/normal/samtools/sample2.idxstats",
                "sample2/qc/normal/samtools/sample2.stats",
                "sample2/qc/tumor",
                "sample2/qc/tumor/cramino_aln",
                "sample2/qc/tumor/cramino_aln/sample2.arrow",
                "sample2/qc/tumor/cramino_aln/sample2_cramino.txt",
                "sample2/qc/tumor/cramino_ubam_1",
                "sample2/qc/tumor/cramino_ubam_1/sample2.arrow",
                "sample2/qc/tumor/cramino_ubam_1/sample2_cramino.txt",
                "sample2/qc/tumor/mosdepth",
                "sample2/qc/tumor/mosdepth/sample2.mosdepth.global.dist.txt",
                "sample2/qc/tumor/mosdepth/sample2.mosdepth.summary.txt",
                "sample2/qc/tumor/nanoplot_aln",
                "sample2/qc/tumor/nanoplot_aln/NanoPlot-report.html",
                "sample2/qc/tumor/nanoplot_aln/NanoStats.txt",
                "sample2/qc/tumor/nanoplot_aln/Non_weightedHistogramReadlength.html",
                "sample2/qc/tumor/nanoplot_aln/Non_weightedLogTransformed_HistogramReadlength.html",
                "sample2/qc/tumor/nanoplot_aln/PercentIdentityHistogramDynamic_Histogram_percent_identity.html",
                "sample2/qc/tumor/nanoplot_aln/PercentIdentityvsAlignedReadLength_dot.html",
                "sample2/qc/tumor/nanoplot_aln/PercentIdentityvsAlignedReadLength_kde.html",
                "sample2/qc/tumor/nanoplot_aln/WeightedHistogramReadlength.html",
                "sample2/qc/tumor/nanoplot_aln/WeightedLogTransformed_HistogramReadlength.html",
                "sample2/qc/tumor/nanoplot_aln/Yield_By_Length.html",
                "sample2/qc/tumor/nanoplot_ubam_1",
                "sample2/qc/tumor/nanoplot_ubam_1/NanoPlot-report.html",
                "sample2/qc/tumor/nanoplot_ubam_1/NanoStats.txt",
                "sample2/qc/tumor/nanoplot_ubam_1/Non_weightedHistogramReadlength.html",
                "sample2/qc/tumor/nanoplot_ubam_1/Non_weightedLogTransformed_HistogramReadlength.html",
                "sample2/qc/tumor/nanoplot_ubam_1/WeightedHistogramReadlength.html",
                "sample2/qc/tumor/nanoplot_ubam_1/WeightedLogTransformed_HistogramReadlength.html",
                "sample2/qc/tumor/nanoplot_ubam_1/Yield_By_Length.html",
                "sample2/qc/tumor/samtools",
                "sample2/qc/tumor/samtools/sample2.flagstat",
                "sample2/qc/tumor/samtools/sample2.idxstats",
                "sample2/qc/tumor/samtools/sample2.stats",
                "sample2/variants",
                "sample2/variants/clair3",
                "sample2/variants/clair3/merge_output.vcf.gz",
                "sample2/variants/clair3/merge_output.vcf.gz.tbi",
                "sample2/variants/clairs",
                "sample2/variants/clairs/indel.vcf.gz",
                "sample2/variants/clairs/indel.vcf.gz.tbi",
                "sample2/variants/clairs/snvs.vcf.gz",
                "sample2/variants/clairs/snvs.vcf.gz.tbi",
                "sample2/variants/severus",
                "sample2/variants/severus/all_SVs",
                "sample2/variants/severus/all_SVs/severus_all.vcf.gz",
                "sample2/variants/severus/breakpoints_double.csv",
                "sample2/variants/severus/read_ids.csv",
                "sample2/variants/severus/read_qual.txt",
                "sample2/variants/severus/severus.log",
                "sample2/variants/severus/somatic_SVs",
                "sample2/variants/severus/somatic_SVs/severus_somatic.vcf.gz",
                "sample2/vep",
                "sample2/vep/SVs",
                "sample2/vep/SVs/sample2_SV_VEP.vcf.gz",
                "sample2/vep/SVs/sample2_SV_VEP.vcf.gz.tbi",
                "sample2/vep/SVs/sample2_SV_VEP.vcf.gz_summary.html",
                "sample2/vep/germline",
                "sample2/vep/germline/sample2_GERMLINE_VEP.vcf.gz",
                "sample2/vep/germline/sample2_GERMLINE_VEP.vcf.gz.tbi",
                "sample2/vep/germline/sample2_GERMLINE_VEP.vcf.gz_summary.html",
                "sample2/vep/somatic",
                "sample2/vep/somatic/sample2_SOMATIC_VEP.vcf.gz",
                "sample2/vep/somatic/sample2_SOMATIC_VEP.vcf.gz.tbi",
                "sample2/vep/somatic/sample2_SOMATIC_VEP.vcf.gz_summary.html",
                "sample3",
                "sample3/bamfiles",
                "sample3/bamfiles/sample3_tumor.bam",
                "sample3/bamfiles/sample3_tumor.bam.bai",
                "sample3/qc",
                "sample3/qc/tumor",
                "sample3/qc/tumor/cramino_aln",
                "sample3/qc/tumor/cramino_aln/sample3.arrow",
                "sample3/qc/tumor/cramino_aln/sample3_cramino.txt",
                "sample3/qc/tumor/cramino_ubam_1",
                "sample3/qc/tumor/cramino_ubam_1/sample3.arrow",
                "sample3/qc/tumor/cramino_ubam_1/sample3_cramino.txt",
                "sample3/qc/tumor/mosdepth",
                "sample3/qc/tumor/mosdepth/sample3.mosdepth.global.dist.txt",
                "sample3/qc/tumor/mosdepth/sample3.mosdepth.summary.txt",
                "sample3/qc/tumor/nanoplot_aln",
                "sample3/qc/tumor/nanoplot_aln/NanoPlot-report.html",
                "sample3/qc/tumor/nanoplot_aln/NanoStats.txt",
                "sample3/qc/tumor/nanoplot_aln/Non_weightedHistogramReadlength.html",
                "sample3/qc/tumor/nanoplot_aln/Non_weightedLogTransformed_HistogramReadlength.html",
                "sample3/qc/tumor/nanoplot_aln/PercentIdentityHistogramDynamic_Histogram_percent_identity.html",
                "sample3/qc/tumor/nanoplot_aln/PercentIdentityvsAlignedReadLength_dot.html",
                "sample3/qc/tumor/nanoplot_aln/PercentIdentityvsAlignedReadLength_kde.html",
                "sample3/qc/tumor/nanoplot_aln/WeightedHistogramReadlength.html",
                "sample3/qc/tumor/nanoplot_aln/WeightedLogTransformed_HistogramReadlength.html",
                "sample3/qc/tumor/nanoplot_aln/Yield_By_Length.html",
                "sample3/qc/tumor/nanoplot_ubam_1",
                "sample3/qc/tumor/nanoplot_ubam_1/NanoPlot-report.html",
                "sample3/qc/tumor/nanoplot_ubam_1/NanoStats.txt",
                "sample3/qc/tumor/nanoplot_ubam_1/Non_weightedHistogramReadlength.html",
                "sample3/qc/tumor/nanoplot_ubam_1/Non_weightedLogTransformed_HistogramReadlength.html",
                "sample3/qc/tumor/nanoplot_ubam_1/WeightedHistogramReadlength.html",
                "sample3/qc/tumor/nanoplot_ubam_1/WeightedLogTransformed_HistogramReadlength.html",
                "sample3/qc/tumor/nanoplot_ubam_1/Yield_By_Length.html",
                "sample3/qc/tumor/samtools",
                "sample3/qc/tumor/samtools/sample3.flagstat",
                "sample3/qc/tumor/samtools/sample3.idxstats",
                "sample3/qc/tumor/samtools/sample3.stats",
                "sample3/variants",
                "sample3/variants/clairsto",
                "sample3/variants/clairsto/germline.vcf.gz",
                "sample3/variants/clairsto/germline.vcf.gz.tbi",
                "sample3/variants/clairsto/indel.vcf.gz",
                "sample3/variants/clairsto/indel.vcf.gz.tbi",
                "sample3/variants/clairsto/snv.vcf.gz",
                "sample3/variants/clairsto/snv.vcf.gz.tbi",
                "sample3/variants/clairsto/somatic.vcf.gz",
                "sample3/variants/clairsto/somatic.vcf.gz.tbi",
                "sample3/variants/severus",
                "sample3/variants/severus/all_SVs",
                "sample3/variants/severus/all_SVs/severus_all.vcf.gz",
                "sample3/variants/severus/breakpoints_double.csv",
                "sample3/variants/severus/read_ids.csv",
                "sample3/variants/severus/read_qual.txt",
                "sample3/variants/severus/severus.log",
                "sample3/variants/severus/somatic_SVs",
                "sample3/variants/severus/somatic_SVs/severus_somatic.vcf.gz",
                "sample3/vep",
                "sample3/vep/SVs",
                "sample3/vep/SVs/sample3_SV_VEP.vcf.gz",
                "sample3/vep/SVs/sample3_SV_VEP.vcf.gz.tbi",
                "sample3/vep/SVs/sample3_SV_VEP.vcf.gz_summary.html",
                "sample3/vep/germline",
                "sample3/vep/germline/sample3_GERMLINE_VEP.vcf.gz",
                "sample3/vep/germline/sample3_GERMLINE_VEP.vcf.gz.tbi",
                "sample3/vep/germline/sample3_GERMLINE_VEP.vcf.gz_summary.html",
                "sample3/vep/somatic",
                "sample3/vep/somatic/sample3_SOMATIC_VEP.vcf.gz",
                "sample3/vep/somatic/sample3_SOMATIC_VEP.vcf.gz.tbi",
                "sample3/vep/somatic/sample3_SOMATIC_VEP.vcf.gz_summary.html",
                "sample4",
                "sample4/bamfiles",
                "sample4/bamfiles/sample4_normal.bam",
                "sample4/bamfiles/sample4_normal.bam.bai",
                "sample4/bamfiles/sample4_tumor.bam",
                "sample4/bamfiles/sample4_tumor.bam.bai",
                "sample4/qc",
                "sample4/qc/normal",
                "sample4/qc/normal/cramino_aln",
                "sample4/qc/normal/cramino_aln/sample4.arrow",
                "sample4/qc/normal/cramino_aln/sample4_cramino.txt",
                "sample4/qc/normal/cramino_ubam_1",
                "sample4/qc/normal/cramino_ubam_1/sample4.arrow",
                "sample4/qc/normal/cramino_ubam_1/sample4_cramino.txt",
                "sample4/qc/normal/cramino_ubam_2",
                "sample4/qc/normal/cramino_ubam_2/sample4.arrow",
                "sample4/qc/normal/cramino_ubam_2/sample4_cramino.txt",
                "sample4/qc/normal/mosdepth",
                "sample4/qc/normal/mosdepth/sample4.mosdepth.global.dist.txt",
                "sample4/qc/normal/mosdepth/sample4.mosdepth.summary.txt",
                "sample4/qc/normal/nanoplot_aln",
                "sample4/qc/normal/nanoplot_aln/NanoPlot-report.html",
                "sample4/qc/normal/nanoplot_aln/NanoStats.txt",
                "sample4/qc/normal/nanoplot_aln/Non_weightedHistogramReadlength.html",
                "sample4/qc/normal/nanoplot_aln/Non_weightedLogTransformed_HistogramReadlength.html",
                "sample4/qc/normal/nanoplot_aln/PercentIdentityHistogramDynamic_Histogram_percent_identity.html",
                "sample4/qc/normal/nanoplot_aln/PercentIdentityvsAlignedReadLength_dot.html",
                "sample4/qc/normal/nanoplot_aln/PercentIdentityvsAlignedReadLength_kde.html",
                "sample4/qc/normal/nanoplot_aln/WeightedHistogramReadlength.html",
                "sample4/qc/normal/nanoplot_aln/WeightedLogTransformed_HistogramReadlength.html",
                "sample4/qc/normal/nanoplot_aln/Yield_By_Length.html",
                "sample4/qc/normal/nanoplot_ubam_1",
                "sample4/qc/normal/nanoplot_ubam_1/NanoPlot-report.html",
                "sample4/qc/normal/nanoplot_ubam_1/NanoStats.txt",
                "sample4/qc/normal/nanoplot_ubam_1/Non_weightedHistogramReadlength.html",
                "sample4/qc/normal/nanoplot_ubam_1/Non_weightedLogTransformed_HistogramReadlength.html",
                "sample4/qc/normal/nanoplot_ubam_1/WeightedHistogramReadlength.html",
                "sample4/qc/normal/nanoplot_ubam_1/WeightedLogTransformed_HistogramReadlength.html",
                "sample4/qc/normal/nanoplot_ubam_1/Yield_By_Length.html",
                "sample4/qc/normal/nanoplot_ubam_2",
                "sample4/qc/normal/nanoplot_ubam_2/NanoPlot-report.html",
                "sample4/qc/normal/nanoplot_ubam_2/NanoStats.txt",
                "sample4/qc/normal/nanoplot_ubam_2/Non_weightedHistogramReadlength.html",
                "sample4/qc/normal/nanoplot_ubam_2/Non_weightedLogTransformed_HistogramReadlength.html",
                "sample4/qc/normal/nanoplot_ubam_2/WeightedHistogramReadlength.html",
                "sample4/qc/normal/nanoplot_ubam_2/WeightedLogTransformed_HistogramReadlength.html",
                "sample4/qc/normal/nanoplot_ubam_2/Yield_By_Length.html",
                "sample4/qc/normal/samtools",
                "sample4/qc/normal/samtools/sample4.flagstat",
                "sample4/qc/normal/samtools/sample4.idxstats",
                "sample4/qc/normal/samtools/sample4.stats",
                "sample4/qc/tumor",
                "sample4/qc/tumor/cramino_aln",
                "sample4/qc/tumor/cramino_aln/sample4.arrow",
                "sample4/qc/tumor/cramino_aln/sample4_cramino.txt",
                "sample4/qc/tumor/cramino_ubam_1",
                "sample4/qc/tumor/cramino_ubam_1/sample4.arrow",
                "sample4/qc/tumor/cramino_ubam_1/sample4_cramino.txt",
                "sample4/qc/tumor/cramino_ubam_2",
                "sample4/qc/tumor/cramino_ubam_2/sample4.arrow",
                "sample4/qc/tumor/cramino_ubam_2/sample4_cramino.txt",
                "sample4/qc/tumor/mosdepth",
                "sample4/qc/tumor/mosdepth/sample4.mosdepth.global.dist.txt",
                "sample4/qc/tumor/mosdepth/sample4.mosdepth.summary.txt",
                "sample4/qc/tumor/nanoplot_aln",
                "sample4/qc/tumor/nanoplot_aln/NanoPlot-report.html",
                "sample4/qc/tumor/nanoplot_aln/NanoStats.txt",
                "sample4/qc/tumor/nanoplot_aln/Non_weightedHistogramReadlength.html",
                "sample4/qc/tumor/nanoplot_aln/Non_weightedLogTransformed_HistogramReadlength.html",
                "sample4/qc/tumor/nanoplot_aln/PercentIdentityHistogramDynamic_Histogram_percent_identity.html",
                "sample4/qc/tumor/nanoplot_aln/PercentIdentityvsAlignedReadLength_dot.html",
                "sample4/qc/tumor/nanoplot_aln/PercentIdentityvsAlignedReadLength_kde.html",
                "sample4/qc/tumor/nanoplot_aln/WeightedHistogramReadlength.html",
                "sample4/qc/tumor/nanoplot_aln/WeightedLogTransformed_HistogramReadlength.html",
                "sample4/qc/tumor/nanoplot_aln/Yield_By_Length.html",
                "sample4/qc/tumor/nanoplot_ubam_1",
                "sample4/qc/tumor/nanoplot_ubam_1/NanoPlot-report.html",
                "sample4/qc/tumor/nanoplot_ubam_1/NanoStats.txt",
                "sample4/qc/tumor/nanoplot_ubam_1/Non_weightedHistogramReadlength.html",
                "sample4/qc/tumor/nanoplot_ubam_1/Non_weightedLogTransformed_HistogramReadlength.html",
                "sample4/qc/tumor/nanoplot_ubam_1/WeightedHistogramReadlength.html",
                "sample4/qc/tumor/nanoplot_ubam_1/WeightedLogTransformed_HistogramReadlength.html",
                "sample4/qc/tumor/nanoplot_ubam_1/Yield_By_Length.html",
                "sample4/qc/tumor/nanoplot_ubam_2",
                "sample4/qc/tumor/nanoplot_ubam_2/NanoPlot-report.html",
                "sample4/qc/tumor/nanoplot_ubam_2/NanoStats.txt",
                "sample4/qc/tumor/nanoplot_ubam_2/Non_weightedHistogramReadlength.html",
                "sample4/qc/tumor/nanoplot_ubam_2/Non_weightedLogTransformed_HistogramReadlength.html",
                "sample4/qc/tumor/nanoplot_ubam_2/WeightedHistogramReadlength.html",
                "sample4/qc/tumor/nanoplot_ubam_2/WeightedLogTransformed_HistogramReadlength.html",
                "sample4/qc/tumor/nanoplot_ubam_2/Yield_By_Length.html",
                "sample4/qc/tumor/samtools",
                "sample4/qc/tumor/samtools/sample4.flagstat",
                "sample4/qc/tumor/samtools/sample4.idxstats",
                "sample4/qc/tumor/samtools/sample4.stats",
                "sample4/variants",
                "sample4/variants/clair3",
                "sample4/variants/clair3/merge_output.vcf.gz",
                "sample4/variants/clair3/merge_output.vcf.gz.tbi",
                "sample4/variants/clairs",
                "sample4/variants/clairs/indel.vcf.gz",
                "sample4/variants/clairs/indel.vcf.gz.tbi",
                "sample4/variants/clairs/snvs.vcf.gz",
                "sample4/variants/clairs/snvs.vcf.gz.tbi",
                "sample4/variants/severus",
                "sample4/variants/severus/all_SVs",
                "sample4/variants/severus/all_SVs/severus_all.vcf.gz",
                "sample4/variants/severus/breakpoints_double.csv",
                "sample4/variants/severus/read_ids.csv",
                "sample4/variants/severus/read_qual.txt",
                "sample4/variants/severus/severus.log",
                "sample4/variants/severus/somatic_SVs",
                "sample4/variants/severus/somatic_SVs/severus_somatic.vcf.gz",
                "sample4/vep",
                "sample4/vep/SVs",
                "sample4/vep/SVs/sample4_SV_VEP.vcf.gz",
                "sample4/vep/SVs/sample4_SV_VEP.vcf.gz.tbi",
                "sample4/vep/SVs/sample4_SV_VEP.vcf.gz_summary.html",
                "sample4/vep/germline",
                "sample4/vep/germline/sample4_GERMLINE_VEP.vcf.gz",
                "sample4/vep/germline/sample4_GERMLINE_VEP.vcf.gz.tbi",
                "sample4/vep/germline/sample4_GERMLINE_VEP.vcf.gz_summary.html",
                "sample4/vep/somatic",
                "sample4/vep/somatic/sample4_SOMATIC_VEP.vcf.gz",
                "sample4/vep/somatic/sample4_SOMATIC_VEP.vcf.gz.tbi",
                "sample4/vep/somatic/sample4_SOMATIC_VEP.vcf.gz_summary.html"
            ],
            [
                "sample1_normal.bam:md5,60838033f5f24aa90e16a5babcddd45b",
                "sample1_normal.bam.bai:md5,d77c4e82c8965132967be86d83a4992d",
                "sample1_tumor.bam:md5,bd73e83253c95a5fdc4db39454ee2253",
                "sample1_tumor.bam.bai:md5,8b9edeb60b0e3023c97aa4b6e2e61380",
                "sample1.arrow:md5,d1a96ecc3b5e3e934ba88363a763899f",
                "sample1.arrow:md5,94ff32ca347d77fd8af5a78b483bf98e",
                "sample1_cramino.txt:md5,a91610c9bb2a2d7bcd155c74ec6d6153",
                "sample1.mosdepth.global.dist.txt:md5,4e1c72f8465c18ffd854c42850eb7c5f",
                "sample1.mosdepth.summary.txt:md5,cf13d4b24e5ebf31b629a1195a1fff41",
                "NanoPlot-report.html:md5,de2341206208a0fc95a1fd35fff76303",
                "NanoStats.txt:md5,40388145dc647fe7b1731dcfbfb02271",
                "Non_weightedHistogramReadlength.html:md5,2807732d3c656fb2b4de9dc19bdac737",
                "Non_weightedLogTransformed_HistogramReadlength.html:md5,f26df3b403b6386a8a3fa556f272be5e",
                "PercentIdentityHistogramDynamic_Histogram_percent_identity.html:md5,4d764f224588266958fee4b7ea9ad924",
                "PercentIdentityvsAlignedReadLength_dot.html:md5,28edac69b941ad698465f274d4f0d939",
                "PercentIdentityvsAlignedReadLength_kde.html:md5,969b26424a6b865e0d148c9cbbf27e6b",
                "WeightedHistogramReadlength.html:md5,18b384483453c4215ec9826a9a5f440c",
                "WeightedLogTransformed_HistogramReadlength.html:md5,071684ff8a59364ed72ac2070057fd1d",
                "Yield_By_Length.html:md5,29e4f4d512894beefde2236f1bd5ed7c",
                "NanoPlot-report.html:md5,091addcc85633ff06b98dc8a32e02522",
                "NanoStats.txt:md5,a4fb5d0237f6a0e16d75a4d4a186d5a9",
                "Non_weightedHistogramReadlength.html:md5,a292f4fe380ece9bc5224ed687748273",
                "Non_weightedLogTransformed_HistogramReadlength.html:md5,e5e5882bf19061ff424093498619454a",
                "WeightedHistogramReadlength.html:md5,87bbb172e8e145677893327b7fba5980",
                "WeightedLogTransformed_HistogramReadlength.html:md5,869731ba838636842c59ed21297e1d26",
                "Yield_By_Length.html:md5,32101c925cd9ce6cf5b623a7d78c5a6d",
                "sample1.flagstat:md5,815a5385bd57ef44847714130b80d630",
                "sample1.idxstats:md5,19be02d7e966e4a291b66ab5b14742d3",
                "sample1.stats:md5,cf4b23c58e65cb55b31463db14ed6fd3",
                "sample1.arrow:md5,d7b489b1d70541815579bf74d5aa8cb4",
                "sample1.arrow:md5,16bde96910276bac19a644c69631fedc",
                "sample1_cramino.txt:md5,bdb6a210439fd0a30051ff58268fb2a0",
                "sample1.mosdepth.global.dist.txt:md5,e04da37ef2b7cd587fa3158b9f36d2cb",
                "sample1.mosdepth.summary.txt:md5,ef3aefa72ca2e9bbbe5acc91fc1ecde6",
                "NanoPlot-report.html:md5,f9e342f457ae45ce335b47ff8c18fd2a",
                "NanoStats.txt:md5,4b13dfb48a4cf6b4202be8648da59da8",
                "Non_weightedHistogramReadlength.html:md5,2fb2945d51a29ef3ef64104e47e0e435",
                "Non_weightedLogTransformed_HistogramReadlength.html:md5,61d6089d8930069dbdf0e31cdb28c5b8",
                "PercentIdentityHistogramDynamic_Histogram_percent_identity.html:md5,196c8922f4d5adf715a7f7aa6e7b4b76",
                "PercentIdentityvsAlignedReadLength_dot.html:md5,b04d8708b7251ad7933d62d0c755ba93",
                "PercentIdentityvsAlignedReadLength_kde.html:md5,963bee15ace6d7d9a396e90edc3a7637",
                "WeightedHistogramReadlength.html:md5,ad8a90b956cc460d9eb870e073a55997",
                "WeightedLogTransformed_HistogramReadlength.html:md5,85597822dbfd268da0a4b961ebfc3916",
                "Yield_By_Length.html:md5,6d93d72676efe53fe13391eea3ce5f1c",
                "NanoPlot-report.html:md5,7152dc69409a64b4ef661e70031f89d4",
                "NanoStats.txt:md5,3fe74e7afd3b03e50943f70f11660bfa",
                "Non_weightedHistogramReadlength.html:md5,3fbb348f631966e24b4000a1909c3dc1",
                "Non_weightedLogTransformed_HistogramReadlength.html:md5,a047dc561c1d191feb6e2b2bb80bf211",
                "WeightedHistogramReadlength.html:md5,b965e5580c0e25a032f036fff908ffe6",
                "WeightedLogTransformed_HistogramReadlength.html:md5,62363b50f95570833447e6cc56ba0c36",
                "Yield_By_Length.html:md5,9ed1207601e8be66135f5277013f0690",
                "sample1.flagstat:md5,34e851b5504d961632f26991160ded5a",
                "sample1.idxstats:md5,1d43b03114bcc9b70d4333e91498efbe",
                "sample1.stats:md5,da6ea076dd90b4e35ab2e23b8e6ead25",
                "breakpoints_double.csv:md5,57e4f0d5509db44179e7c5044c6bc259",
                "read_qual.txt:md5,1ad9d1900f8dcb291c97adc65c9d341c",
                "sample2_normal.bam:md5,554b89692e84b9ddd0615649e2b15820",
                "sample2_normal.bam.bai:md5,af193f1922d90b8741212d2bf690c418",
                "sample2_tumor.bam:md5,26c4e52c12aa0e874fe52ae3b729beba",
                "sample2_tumor.bam.bai:md5,e9e64e13328aa3621e7976f8e3f29a78",
                "sample2.arrow:md5,601a76e2cff7373b4705557d45706d3c",
                "sample2.arrow:md5,7a4030a6eceb4c6f6249233652b619da",
                "sample2_cramino.txt:md5,b0d397f407b792a406e14bf7b0519acc",
                "sample2.mosdepth.global.dist.txt:md5,6cdc97a81a603db702cb5a113b8bc62a",
                "sample2.mosdepth.summary.txt:md5,864370930ec1d695d942f4960bcf8fc6",
                "NanoPlot-report.html:md5,c2f9b2644089e94bd21d80eb0a7d6cf9",
                "NanoStats.txt:md5,dfb476731c22b26f2f767f6e87a24476",
                "Non_weightedHistogramReadlength.html:md5,e821e3bc9931376b2f0ed7f5eaa942e4",
                "Non_weightedLogTransformed_HistogramReadlength.html:md5,b1475b7b1389445526b8e4ebc6cab10b",
                "PercentIdentityHistogramDynamic_Histogram_percent_identity.html:md5,676b7afc53fde6b5c6da742f266d1767",
                "PercentIdentityvsAlignedReadLength_dot.html:md5,8a10a69b9bf23d0b24a294f6908301f9",
                "PercentIdentityvsAlignedReadLength_kde.html:md5,4a446ca47a62093bba78e3172b75da0d",
                "WeightedHistogramReadlength.html:md5,3f90beb57f91e55f79fa9e6507bc9af7",
                "WeightedLogTransformed_HistogramReadlength.html:md5,1202304018ecf4e74615f3ae69b43bbd",
                "Yield_By_Length.html:md5,dc46bfdd72bc9a1af201c627212add5d",
                "NanoPlot-report.html:md5,9d95c307eb12ac3868861bd559385e99",
                "NanoStats.txt:md5,3d81081b7070fdc07f9813d3bfa63367",
                "Non_weightedHistogramReadlength.html:md5,6891f6e28b0c6c88a3e7870ba8830cdb",
                "Non_weightedLogTransformed_HistogramReadlength.html:md5,957bc6732866fbfe7374042893e60b48",
                "WeightedHistogramReadlength.html:md5,12bb6014c7f0ac1ec4335630d6200ca5",
                "WeightedLogTransformed_HistogramReadlength.html:md5,30a3d3fe3c711632f0d9e111c8f59c9e",
                "Yield_By_Length.html:md5,54d853df92a3596d7b540e5abc22271f",
                "sample2.flagstat:md5,cce0bb7ca79e14d8369ccc714adf4be3",
                "sample2.idxstats:md5,e7de97b2362a8e944896dc4eca0b0bd8",
                "sample2.stats:md5,2b7f1a2833840d350d2a4d54fed70cf7",
                "sample2.arrow:md5,8f97c887f3060678bafc1646ce644eb0",
                "sample2.arrow:md5,22a79e85d112d8e2ea5f50cbf443f6a9",
                "sample2_cramino.txt:md5,13b6514c4e1e55a5f15bb86b289d3176",
                "sample2.mosdepth.global.dist.txt:md5,eda3bf93b39e342e85e43931ce8b417e",
                "sample2.mosdepth.summary.txt:md5,a68ca9504f5c9b73bf697d8ac22a1df0",
                "NanoPlot-report.html:md5,c277d4aff98d7d21f899418ce2dd564f",
                "NanoStats.txt:md5,7f9288f9a425ec7985281e7d3debba02",
                "Non_weightedHistogramReadlength.html:md5,44dedc21363ae9181f7edbda036a16f0",
                "Non_weightedLogTransformed_HistogramReadlength.html:md5,e37a843e30e3bec0db10aa00fba8f38e",
                "PercentIdentityHistogramDynamic_Histogram_percent_identity.html:md5,e8ae579ff409643302e091bbb8dcad91",
                "PercentIdentityvsAlignedReadLength_dot.html:md5,71aba5b0ef0986907292c254896adccf",
                "PercentIdentityvsAlignedReadLength_kde.html:md5,b0d9bebd50f5c7e5c850e3e6932d25f8",
                "WeightedHistogramReadlength.html:md5,cb9a0c9674462f605396a63c17c0c5d6",
                "WeightedLogTransformed_HistogramReadlength.html:md5,a0a21c652cea2793a62f288bec0875d0",
                "Yield_By_Length.html:md5,8c491a7bef4338b06e5f0f114ccf4d24",
                "NanoPlot-report.html:md5,8b31c3424bf0a7cd72e85484205cc64e",
                "NanoStats.txt:md5,a5a89662e201ce5194fd3fa484e4ac9e",
                "Non_weightedHistogramReadlength.html:md5,c425607748644ebca9420d913cc1973c",
                "Non_weightedLogTransformed_HistogramReadlength.html:md5,f586a13e0109494e71462a3c8c1fe14d",
                "WeightedHistogramReadlength.html:md5,428218be95fc762c2debb86c8e5af4da",
                "WeightedLogTransformed_HistogramReadlength.html:md5,d780f4585050941823c045b76410e1c5",
                "Yield_By_Length.html:md5,b0165f94bd928fa054eb3e8053352184",
                "sample2.flagstat:md5,83e7d7d922941691d2b023f0bd9655aa",
                "sample2.idxstats:md5,fe8a5d1263481ea7902d575b4d95f655",
                "sample2.stats:md5,defe74842396209b6cff4b32994287c7",
                "breakpoints_double.csv:md5,b71bba578c126b9217765d854b21028a",
                "read_qual.txt:md5,27edf87814aec6fa18546c8606aae4ed",
                "sample3_tumor.bam:md5,2308beb1b4be1f0e1d6c8e52bd4f9266",
                "sample3_tumor.bam.bai:md5,840eb3ad5ed3216a97c6a58563d4dcb1",
                "sample3.arrow:md5,d7b489b1d70541815579bf74d5aa8cb4",
                "sample3.arrow:md5,16bde96910276bac19a644c69631fedc",
                "sample3_cramino.txt:md5,bdb6a210439fd0a30051ff58268fb2a0",
                "sample3.mosdepth.global.dist.txt:md5,e04da37ef2b7cd587fa3158b9f36d2cb",
                "sample3.mosdepth.summary.txt:md5,ef3aefa72ca2e9bbbe5acc91fc1ecde6",
                "NanoPlot-report.html:md5,56fd932857464087aa031a90601caabf",
                "NanoStats.txt:md5,4b13dfb48a4cf6b4202be8648da59da8",
                "Non_weightedHistogramReadlength.html:md5,2ead48c33f238f33f5590b59bca3bcee",
                "Non_weightedLogTransformed_HistogramReadlength.html:md5,46f3d976616241a47b6e25f7045396f3",
                "PercentIdentityHistogramDynamic_Histogram_percent_identity.html:md5,e5d15d31f657734c6bf6d0f09c18cf84",
                "PercentIdentityvsAlignedReadLength_dot.html:md5,f1dfac9de6382fe857d492e2e0b0afee",
                "PercentIdentityvsAlignedReadLength_kde.html:md5,27d869ecb61fa3232cdbfd680d95612b",
                "WeightedHistogramReadlength.html:md5,df24d835f48e1641fb051fcdf2b01967",
                "WeightedLogTransformed_HistogramReadlength.html:md5,bcd3a858c535418bc9532a0f71f919a7",
                "Yield_By_Length.html:md5,dfe9a3513050aea1c211fb2f263ecb9e",
                "NanoPlot-report.html:md5,49b0cc58cef583c874c32f2bc816b3a0",
                "NanoStats.txt:md5,3fe74e7afd3b03e50943f70f11660bfa",
                "Non_weightedHistogramReadlength.html:md5,a27d6ef6b58c922fab9e2559049bfe3a",
                "Non_weightedLogTransformed_HistogramReadlength.html:md5,1d09b6b4079bd72fabd4602b3557bf84",
                "WeightedHistogramReadlength.html:md5,d5a3dbd7239a6ecdd84a53bf0b3294b0",
                "WeightedLogTransformed_HistogramReadlength.html:md5,1c6fc593986abbf61a08baaa5cac9893",
                "Yield_By_Length.html:md5,dafbc667e5a948e24b7238b5aa4adb51",
                "sample3.flagstat:md5,34e851b5504d961632f26991160ded5a",
                "sample3.idxstats:md5,1d43b03114bcc9b70d4333e91498efbe",
                "sample3.stats:md5,b0f46b772514f0de08f1b2d88aa5968f",
                "breakpoints_double.csv:md5,298a01c868eb493baaaa90ced9a9f17e",
                "read_qual.txt:md5,1b4392f3b9071533e9ea77ff9df6c813",
                "sample4_normal.bam:md5,b1fca5de53966e0927c557afad3d8df3",
                "sample4_normal.bam.bai:md5,d77c4e82c8965132967be86d83a4992d",
                "sample4_tumor.bam:md5,493ba7936ae34d0f06d65d416fefb435",
                "sample4_tumor.bam.bai:md5,8b9edeb60b0e3023c97aa4b6e2e61380",
                "sample4.arrow:md5,d1a96ecc3b5e3e934ba88363a763899f",
                "sample4.arrow:md5,94ff32ca347d77fd8af5a78b483bf98e",
                "sample4_cramino.txt:md5,a91610c9bb2a2d7bcd155c74ec6d6153",
                "sample4.arrow:md5,94ff32ca347d77fd8af5a78b483bf98e",
                "sample4_cramino.txt:md5,a91610c9bb2a2d7bcd155c74ec6d6153",
                "sample4.mosdepth.global.dist.txt:md5,4e1c72f8465c18ffd854c42850eb7c5f",
                "sample4.mosdepth.summary.txt:md5,cf13d4b24e5ebf31b629a1195a1fff41",
                "NanoPlot-report.html:md5,8de4b4359affe1f8e8583d5a49d89f3e",
                "NanoStats.txt:md5,40388145dc647fe7b1731dcfbfb02271",
                "Non_weightedHistogramReadlength.html:md5,f933a27f441e470ee64993861bf7eead",
                "Non_weightedLogTransformed_HistogramReadlength.html:md5,13f65514655b4fc9e95f4319822525d8",
                "PercentIdentityHistogramDynamic_Histogram_percent_identity.html:md5,df9237a8b777ad8da719d9415b8abea2",
                "PercentIdentityvsAlignedReadLength_dot.html:md5,5f8cbca3e8748c72bbd2ba2064351eba",
                "PercentIdentityvsAlignedReadLength_kde.html:md5,c3da4b399e96901f23d8c81902dd9b8f",
                "WeightedHistogramReadlength.html:md5,4be5f699617642918b47a1897921dbb5",
                "WeightedLogTransformed_HistogramReadlength.html:md5,6bf0d9b7f801c80708deeeac0d3f9617",
                "Yield_By_Length.html:md5,5f25e566e288250fa79d05a5793e4417",
                "NanoPlot-report.html:md5,d0066e75e1458d702046f1904f96f5df",
                "NanoStats.txt:md5,a4fb5d0237f6a0e16d75a4d4a186d5a9",
                "Non_weightedHistogramReadlength.html:md5,c434e5e6a9fcb248200da657630e127b",
                "Non_weightedLogTransformed_HistogramReadlength.html:md5,a4fe81569e206b3f39a04e4e98fca9e6",
                "WeightedHistogramReadlength.html:md5,50d13b0cc7342ef1e17673506c4f576b",
                "WeightedLogTransformed_HistogramReadlength.html:md5,70d00d9f5148644de139806d71bedf58",
                "Yield_By_Length.html:md5,de97a0b8f847cd68a3249f1c13213bba",
                "NanoPlot-report.html:md5,bb1842773b65587c889667080ea18166",
                "NanoStats.txt:md5,a4fb5d0237f6a0e16d75a4d4a186d5a9",
                "Non_weightedHistogramReadlength.html:md5,4c71b66d1d2af2086900a24dd099589f",
                "Non_weightedLogTransformed_HistogramReadlength.html:md5,eced44acc2ca8ba8450def72e0afa11f",
                "WeightedHistogramReadlength.html:md5,533111dd9b2c8651ad0be8bf8f367d7f",
                "WeightedLogTransformed_HistogramReadlength.html:md5,bcdc7ff2d0b3201d5de16fba9ed5f7b4",
                "Yield_By_Length.html:md5,8b2428feb25a939fba683803b4d56f4d",
                "sample4.flagstat:md5,815a5385bd57ef44847714130b80d630",
                "sample4.idxstats:md5,19be02d7e966e4a291b66ab5b14742d3",
                "sample4.stats:md5,8830836e19681287abd7eabfc8ac10bd",
                "sample4.arrow:md5,d7b489b1d70541815579bf74d5aa8cb4",
                "sample4.arrow:md5,16bde96910276bac19a644c69631fedc",
                "sample4_cramino.txt:md5,bdb6a210439fd0a30051ff58268fb2a0",
                "sample4.arrow:md5,16bde96910276bac19a644c69631fedc",
                "sample4_cramino.txt:md5,bdb6a210439fd0a30051ff58268fb2a0",
                "sample4.mosdepth.global.dist.txt:md5,e04da37ef2b7cd587fa3158b9f36d2cb",
                "sample4.mosdepth.summary.txt:md5,ef3aefa72ca2e9bbbe5acc91fc1ecde6",
                "NanoPlot-report.html:md5,1510dd0635170d2e0680e31d0ffe34b7",
                "NanoStats.txt:md5,4b13dfb48a4cf6b4202be8648da59da8",
                "Non_weightedHistogramReadlength.html:md5,780d60eb92e1e503990cb3f6bea55f7f",
                "Non_weightedLogTransformed_HistogramReadlength.html:md5,1f961c37010f8d749908ef5a49aa1688",
                "PercentIdentityHistogramDynamic_Histogram_percent_identity.html:md5,413608f7486c92cdbb25f4cdb91b1c9c",
                "PercentIdentityvsAlignedReadLength_dot.html:md5,61604637a710ff77bdabf9d038dde643",
                "PercentIdentityvsAlignedReadLength_kde.html:md5,9b109371c76c216852b9445623fcea41",
                "WeightedHistogramReadlength.html:md5,cba5b806a3fcae29ed2a8b8a0817b13c",
                "WeightedLogTransformed_HistogramReadlength.html:md5,08f6fa2cb86342ff6f4ff1fbd4c0772a",
                "Yield_By_Length.html:md5,cc70b2f7240e125c55bd4d0538425bd6",
                "NanoPlot-report.html:md5,1a4ec4897498d749656b1c20981c9280",
                "NanoStats.txt:md5,3fe74e7afd3b03e50943f70f11660bfa",
                "Non_weightedHistogramReadlength.html:md5,f21a0bdea43b257af114f5cf49c621ae",
                "Non_weightedLogTransformed_HistogramReadlength.html:md5,891a512a4548b6a6769dbd6cdf8eebfe",
                "WeightedHistogramReadlength.html:md5,7cdbd42a6a5c7f301d7efa2c90d7cf25",
                "WeightedLogTransformed_HistogramReadlength.html:md5,8edcb5b145771e800d83907faec3856f",
                "Yield_By_Length.html:md5,e0408e380facc2a8244dd02109b58a5c",
                "NanoPlot-report.html:md5,3c208a5854f569b1d857fc40fba7ff12",
                "NanoStats.txt:md5,3fe74e7afd3b03e50943f70f11660bfa",
                "Non_weightedHistogramReadlength.html:md5,29d9525765c2a0c09c49a55dcf44a5d8",
                "Non_weightedLogTransformed_HistogramReadlength.html:md5,3603223b2830b812a1afccd394584c0c",
                "WeightedHistogramReadlength.html:md5,87459824ab2e621005773a017e2d2b48",
                "WeightedLogTransformed_HistogramReadlength.html:md5,84532a928821028e25d0a062b51b28dd",
                "Yield_By_Length.html:md5,b6656f6281dcd250d60b36f05f2bab7f",
                "sample4.flagstat:md5,34e851b5504d961632f26991160ded5a",
                "sample4.idxstats:md5,1d43b03114bcc9b70d4333e91498efbe",
                "sample4.stats:md5,dc8fec65923bf23826689ec1865f6fff",
                "breakpoints_double.csv:md5,eafc71d123fb6ea562b5dd1fba243bd7",
                "read_qual.txt:md5,1ad9d1900f8dcb291c97adc65c9d341c"
            ]
        ],
        "meta": {
            "nf-test": "0.9.3",
            "nextflow": "25.10.2"
        },
        "timestamp": "2026-03-11T17:26:37.308380506"
    }
}