{
    "paired - whitelist": {
        "content": [
            [
                "chr22\t10108\tseverus_BND0_1\tN\t]chr22:18016]N\t13.0\tFAIL_MAP_CONS\tPRECISE;SVTYPE=BND;SVLEN=7908;MATE_ID=severus_BND0_2;BND_TYPE=DUP_LIKE;STRANDS=-+;MAPQ=13.0;PHASESETID=0|0;HP=0|0;SUPP_READS=2:0:0:2:0:0;REF_READS=10:5:3:14:6:4;CLUSTERID=severus_0;INSIDE_WHITELIST=TRUE;WL_RESCUE=WHITELIST\tGT:VAF:hVAF:DR:DV\t./.:0:0,0,0:38:0\t0/1:0.09:0.14,0.00,0.00:21:2",
                "chr22\t10116\tseverus_BND1_1\tN\t]chr22:15265]N\t9.5\tFAIL_MAP_CONS\tPRECISE;SVTYPE=BND;SVLEN=5149;MATE_ID=severus_BND1_2;BND_TYPE=DUP_LIKE;STRANDS=-+;MAPQ=9.5;PHASESETID=0|0;HP=0|0;SUPP_READS=2:0:0:2:0:0;REF_READS=10:5:3:2:6:4;CLUSTERID=severus_0;INSIDE_WHITELIST=TRUE;WL_RESCUE=WHITELIST\tGT:VAF:hVAF:DR:DV\t./.:0:0,0,0:38:0\t0/1:0.12:0.25,0.00,0.00:15:2",
                "chr22\t10126\tseverus_BND2_1\tN\t[chr22:13460[N\t12.5\tFAIL_MAP_CONS\tPRECISE;SVTYPE=BND;SVLEN=3334;MATE_ID=severus_BND2_2;BND_TYPE=INV_LIKE;STRANDS=--;MAPQ=12.5;PHASESETID=0|0;HP=0|0;SUPP_READS=2:0:0:2:0:0;REF_READS=10:5:3:29:6:3;CLUSTERID=severus_0;INSIDE_WHITELIST=TRUE;WL_RESCUE=WHITELIST\tGT:VAF:hVAF:DR:DV\t./.:0:0,0,0:38:0\t0/1:0.07:0.10,0.00,0.00:28:2",
                "chr22\t13433\tseverus_INS10\tN\tTGGAAGATGCTGTGGTGAGTCAGTGAGTGTGAAGGCATAGGACCTTACTGTACACTACTGTAGACTTTATAAACACCATATGCTTAGGCTACACCAAAAATTTTT\t36.0\tPASS\tPRECISE;SVTYPE=INS;SVLEN=105;MAPQ=36.0;SUPP_READS=2:0:0:2:0:0;REF_READS=6:6:3:6:6:3;INSIDE_WHITELIST=TRUE;WL_RESCUE=WHITELIST\tGT:VAF:hVAF:DR:DV\t./.:0:0,0,0:24:0\t0/1:0.13:0.33,0.00,0.00:13:2",
                "chr22\t13460\tseverus_BND2_2\tN\t[chr22:10126[N\t12.5\tFAIL_MAP_CONS\tPRECISE;SVTYPE=BND;SVLEN=3334;MATE_ID=severus_BND2_1;BND_TYPE=INV_LIKE;STRANDS=--;MAPQ=12.5;PHASESETID=0|0;HP=0|0;SUPP_READS=2:0:0:2:0:0;REF_READS=29:6:3:10:5:3;CLUSTERID=severus_0;INSIDE_WHITELIST=TRUE;WL_RESCUE=WHITELIST\tGT:VAF:hVAF:DR:DV\t./.:0:0,0,0:26:0\t0/1:0.07:0.10,0.00,0.00:28:2",
                "chr22\t13466\tseverus_BND3_1\tN\t]chr22:14087]N\t12.5\tFAIL_MAP_CONS\tPRECISE;SVTYPE=BND;SVLEN=621;MATE_ID=severus_BND3_2;BND_TYPE=DUP_LIKE;STRANDS=-+;MAPQ=12.5;PHASESETID=0|0;HP=0|0;SUPP_READS=3:0:0:3:0:0;REF_READS=29:6:3:17:6:3;CLUSTERID=severus_0;INSIDE_WHITELIST=TRUE;WL_RESCUE=WHITELIST\tGT:VAF:hVAF:DR:DV\t./.:0:0,0,0:26:0\t0/1:0.09:0.12,0.00,0.00:32:3",
                "chr22\t13466\tseverus_BND4_1\tN\t]chr22:20713]N\t7.5\tFAIL_MAP_CONS\tPRECISE;SVTYPE=BND;SVLEN=7247;MATE_ID=severus_BND4_2;BND_TYPE=DUP_LIKE;STRANDS=-+;MAPQ=7.5;PHASESETID=0|0;HP=0|0;SUPP_READS=3:0:0:3:0:0;REF_READS=29:6:3:4:6:4;CLUSTERID=severus_0;INSIDE_WHITELIST=TRUE;WL_RESCUE=WHITELIST\tGT:VAF:hVAF:DR:DV\t./.:0:0,0,0:26:0\t0/1:0.10:0.16,0.00,0.00:26:3",
                "chr22\t14087\tseverus_BND3_2\tN\tN[chr22:13466[\t12.5\tFAIL_MAP_CONS\tPRECISE;SVTYPE=BND;SVLEN=621;MATE_ID=severus_BND3_1;BND_TYPE=DUP_LIKE;STRANDS=+-;MAPQ=12.5;PHASESETID=0|0;HP=0|0;SUPP_READS=3:0:0:3:0:0;REF_READS=17:6:3:29:6:3;CLUSTERID=severus_0;INSIDE_WHITELIST=TRUE;WL_RESCUE=WHITELIST\tGT:VAF:hVAF:DR:DV\t./.:0:0,0,0:24:0\t0/1:0.09:0.12,0.00,0.00:32:3",
                "chr22\t15265\tseverus_BND1_2\tN\tN[chr22:10116[\t9.5\tFAIL_MAP_CONS\tPRECISE;SVTYPE=BND;SVLEN=5149;MATE_ID=severus_BND1_1;BND_TYPE=DUP_LIKE;STRANDS=+-;MAPQ=9.5;PHASESETID=0|0;HP=0|0;SUPP_READS=2:0:0:2:0:0;REF_READS=2:6:4:10:5:3;CLUSTERID=severus_0;INSIDE_WHITELIST=TRUE;WL_RESCUE=WHITELIST\tGT:VAF:hVAF:DR:DV\t./.:0:0,0,0:27:0\t0/1:0.12:0.25,0.00,0.00:15:2",
                "chr22\t17458\tseverus_BND5_1\tN\t[chr22:23304[N\t15.0\tFAIL_MAP_CONS\tPRECISE;SVTYPE=BND;SVLEN=5846;MATE_ID=severus_BND5_2;BND_TYPE=INV_LIKE;STRANDS=--;MAPQ=15.0;PHASESETID=0|0;HP=0|0;SUPP_READS=2:0:0:2:0:0;REF_READS=5:6:4:10:5:4;CLUSTERID=severus_0;INSIDE_WHITELIST=TRUE;WL_RESCUE=WHITELIST\tGT:VAF:hVAF:DR:DV\t./.:0:0,0,0:43:0\t0/1:0.11:0.22,0.00,0.00:17:2",
                "chr22\t18016\tseverus_BND0_2\tN\tN[chr22:10108[\t13.0\tFAIL_MAP_CONS\tPRECISE;SVTYPE=BND;SVLEN=7908;MATE_ID=severus_BND0_1;BND_TYPE=DUP_LIKE;STRANDS=+-;MAPQ=13.0;PHASESETID=0|0;HP=0|0;SUPP_READS=2:0:0:2:0:0;REF_READS=14:6:4:10:5:3;CLUSTERID=severus_0;INSIDE_WHITELIST=TRUE;WL_RESCUE=WHITELIST\tGT:VAF:hVAF:DR:DV\t./.:0:0,0,0:26:0\t0/1:0.09:0.14,0.00,0.00:21:2",
                "chr22\t18120\tseverus_BND6_1\tN\t[chr22:23303[N\t24.0\tFAIL_MAP_CONS\tIMPRECISE;SVTYPE=BND;SVLEN=5183;MATE_ID=severus_BND6_2;BND_TYPE=INV_LIKE;STRANDS=--;MAPQ=24.0;PHASESETID=0|0;HP=0|0;SUPP_READS=3:0:0:3:0:0;REF_READS=23:6:4:10:5:4;CLUSTERID=severus_0;INSIDE_WHITELIST=TRUE;WL_RESCUE=WHITELIST\tGT:VAF:hVAF:DR:DV\t./.:0:0,0,0:73:0\t0/1:0.10:0.16,0.00,0.00:26:3",
                "chr22\t18187\tseverus_BND7_1\tN\t[chr22:20411[N\t22.0\tFAIL_MAP_CONS\tIMPRECISE;SVTYPE=BND;SVLEN=2224;MATE_ID=severus_BND7_2;BND_TYPE=INV_LIKE;STRANDS=--;MAPQ=22.0;PHASESETID=0|0;HP=0|0;SUPP_READS=5:0:0:5:0:0;REF_READS=23:6:4:5:6:4;CLUSTERID=severus_0;INSIDE_WHITELIST=TRUE;WL_RESCUE=WHITELIST\tGT:VAF:hVAF:DR:DV\t./.:0:0,0,0:73:0\t0/1:0.17:0.26,0.00,0.00:24:5",
                "chr22\t18260\tseverus_INS11\tN\tACTGCACCCCAGCCTGGTCAACAGGGCGAGACTGCATCTCAGAAAAAAAAAAAAAA\t15.0\tFAIL_MAP_CONS\tIMPRECISE;SVTYPE=INS;SVLEN=57;MAPQ=15.0;PHASESETID=0|0;HP=0|0;SUPP_READS=7:0:0:7:0:0;REF_READS=30:6:4:30:6:4;INSIDE_WHITELIST=TRUE;WL_RESCUE=WHITELIST\tGT:VAF:hVAF:DR:DV\t./.:0:0,0,0:51:0\t0/1:0.17:0.23,0.00,0.00:33:7",
                "chr22\t20411\tseverus_BND7_2\tN\t[chr22:18187[N\t22.0\tFAIL_MAP_CONS\tIMPRECISE;SVTYPE=BND;SVLEN=2224;MATE_ID=severus_BND7_1;BND_TYPE=INV_LIKE;STRANDS=--;MAPQ=22.0;PHASESETID=0|0;HP=0|0;SUPP_READS=5:0:0:5:0:0;REF_READS=5:6:4:23:6:4;CLUSTERID=severus_0;INSIDE_WHITELIST=TRUE;WL_RESCUE=WHITELIST\tGT:VAF:hVAF:DR:DV\t./.:0:0,0,0:27:0\t0/1:0.17:0.26,0.00,0.00:24:5",
                "chr22\t20713\tseverus_BND4_2\tN\tN[chr22:13466[\t7.5\tFAIL_MAP_CONS\tPRECISE;SVTYPE=BND;SVLEN=7247;MATE_ID=severus_BND4_1;BND_TYPE=DUP_LIKE;STRANDS=+-;MAPQ=7.5;PHASESETID=0|0;HP=0|0;SUPP_READS=3:0:0:3:0:0;REF_READS=4:6:4:29:6:3;CLUSTERID=severus_0;INSIDE_WHITELIST=TRUE;WL_RESCUE=WHITELIST\tGT:VAF:hVAF:DR:DV\t./.:0:0,0,0:26:0\t0/1:0.10:0.16,0.00,0.00:26:3",
                "chr22\t23303\tseverus_BND6_2\tN\t[chr22:18120[N\t24.0\tFAIL_MAP_CONS\tIMPRECISE;SVTYPE=BND;SVLEN=5183;MATE_ID=severus_BND6_1;BND_TYPE=INV_LIKE;STRANDS=--;MAPQ=24.0;PHASESETID=0|0;HP=0|0;SUPP_READS=3:0:0:3:0:0;REF_READS=10:5:4:23:6:4;CLUSTERID=severus_0;INSIDE_WHITELIST=TRUE;WL_RESCUE=WHITELIST\tGT:VAF:hVAF:DR:DV\t./.:0:0,0,0:28:0\t0/1:0.10:0.16,0.00,0.00:26:3",
                "chr22\t23304\tseverus_BND5_2\tN\t[chr22:17458[N\t15.0\tFAIL_MAP_CONS\tPRECISE;SVTYPE=BND;SVLEN=5846;MATE_ID=severus_BND5_1;BND_TYPE=INV_LIKE;STRANDS=--;MAPQ=15.0;PHASESETID=0|0;HP=0|0;SUPP_READS=2:0:0:2:0:0;REF_READS=10:5:4:5:6:4;CLUSTERID=severus_0;INSIDE_WHITELIST=TRUE;WL_RESCUE=WHITELIST\tGT:VAF:hVAF:DR:DV\t./.:0:0,0,0:28:0\t0/1:0.11:0.22,0.00,0.00:17:2",
                "chr22\t23312\tseverus_DUP8\tN\t<DUP>\t43.5\tPASS\tPRECISE;SVTYPE=DUP;SVLEN=5374;END=28686;STRANDS=-+;DETAILED_TYPE=tandem_duplication;MAPQ=43.5;SUPP_READS=2:0:0:2:0:0;REF_READS=10:5:4:7:5:4;INSIDE_WHITELIST=TRUE;WL_RESCUE=WHITELIST\tGT:VAF:hVAF:DR:DV\t./.:0:0,0,0:28:0\t0/1:0.11:0.20,0.00,0.00:17:2",
                "chr22\t27693\tseverus_BND9_1\tN\tN[chr22:28338[\t24.0\tFAIL_MAP_CONS\tIMPRECISE;SVTYPE=BND;SVLEN=645;MATE_ID=severus_BND9_2;BND_TYPE=DEL_LIKE;STRANDS=+-;MAPQ=24.0;PHASESETID=0|0;HP=0|0;SUPP_READS=4:0:0:4:0:0;REF_READS=8:5:4:13:5:4;CLUSTERID=severus_0;INSIDE_WHITELIST=TRUE;WL_RESCUE=WHITELIST\tGT:VAF:hVAF:DR:DV\t./.:0:0,0,0:34:0\t0/1:0.17:0.29,0.00,0.00:19:4",
                "chr22\t28338\tseverus_BND9_2\tN\t]chr22:27693]N\t24.0\tFAIL_MAP_CONS\tIMPRECISE;SVTYPE=BND;SVLEN=645;MATE_ID=severus_BND9_1;BND_TYPE=DEL_LIKE;STRANDS=-+;MAPQ=24.0;PHASESETID=0|0;HP=0|0;SUPP_READS=4:0:0:4:0:0;REF_READS=13:5:4:8:5:4;CLUSTERID=severus_0;INSIDE_WHITELIST=TRUE;WL_RESCUE=WHITELIST\tGT:VAF:hVAF:DR:DV\t./.:0:0,0,0:31:0\t0/1:0.17:0.29,0.00,0.00:19:4"
            ],
            [
                
            ],
            "severus_all.vcf.gz",
            "severus_somatic.vcf.gz",
            {
                "versions_severus": [
                    [
                        "SEVERUS",
                        "severus",
                        "1.7"
                    ]
                ]
            }
        ],
        "meta": {
            "nf-test": "0.9.3",
            "nextflow": "25.10.4"
        },
        "timestamp": "2026-10-02T21:55:20.932321899"
    },
    "paired - no whitelist": {
        "content": [
            [
                
            ],
            [
                
            ],
            "severus_all.vcf.gz",
            "severus_somatic.vcf.gz",
            {
                "versions_severus": [
                    [
                        "SEVERUS",
                        "severus",
                        "1.7"
                    ]
                ]
            }
        ],
        "meta": {
            "nf-test": "0.9.3",
            "nextflow": "25.10.4"
        },
        "timestamp": "2026-10-02T21:55:13.3288247"
    }
}