{
    "-profile test, union combine mode": {
        "content": [
            null,
            [
                
            ],
            [
                
            ]
        ],
        "meta": {
            "nf-test": "0.9.3",
            "nextflow": "26.04.1"
        },
        "timestamp": "2026-05-19T14:02:58.892825209"
    }
}