{
    "-profile test, union combine mode": {
        "content": [
            {
                "BCFTOOLS_ANNOTATE": {
                    "bcftools": 1.22
                },
                "BCFTOOLS_CONCAT": {
                    "bcftools": 1.22
                },
                "BCFTOOLS_ISEC": {
                    "bcftools": 1.22
                },
                "BCFTOOLS_NORM": {
                    "bcftools": 1.22
                },
                "BCFTOOLS_QUERY": {
                    "bcftools": 1.22
                },
                "BCFTOOLS_SORT": {
                    "bcftools": 1.22
                },
                "BCFTOOLS_VIEW": {
                    "bcftools": 1.22
                },
                "CLAIR3": {
                    "clair3": "1.2.0"
                },
                "CLAIRS": {
                    "clairs": "0.4.4"
                },
                "CLAIRSTO": {
                    "clairsto": "0.4.2"
                },
                "CRAMINO_POST": {
                    "cramino": "1.3.0"
                },
                "CRAMINO_PRE": {
                    "cramino": "1.3.0"
                },
                "DEEPSOMATIC_CALLVARIANTS": {
                    "deepsomatic": "1.7.0"
                },
                "DEEPSOMATIC_MAKEEXAMPLES": {
                    "deepsomatic": "1.7.0"
                },
                "DEEPSOMATIC_POSTPROCESSVARIANTS": {
                    "deepsomatic": "1.7.0"
                },
                "GERMLINE_VEP": {
                    "ensemblvep": 115.2,
                    "perl-math-cdf": 0.1,
                    "tabix": 1.21
                },
                "LONGPHASE_HAPLOTAG": {
                    "longphase": "2.0.1"
                },
                "LONGPHASE_MODCALL_GERMLINE": {
                    "longphase": "2.0.1"
                },
                "LONGPHASE_MODCALL_SOMATIC": {
                    "longphase": "2.0.1"
                },
                "LONGPHASE_PHASE_GERMLINE": {
                    "longphase": "2.0.1"
                },
                "LONGPHASE_PHASE_SOMATIC": {
                    "longphase": "2.0.1"
                },
                "METAEXTRACT": {
                    "samtools": 1.21
                },
                "MINIMAP2_ALIGN": {
                    "minimap2": "2.29-r1283"
                },
                "MOSDEPTH": {
                    "mosdepth": "0.3.11"
                },
                "NANOPLOT_POST": {
                    "nanoplot": "1.46.1"
                },
                "NANOPLOT_PRE": {
                    "nanoplot": "1.46.1"
                },
                "SAMTOOLS_FAIDX": {
                    "samtools": "1.22.1"
                },
                "SAMTOOLS_FLAGSTAT": {
                    "samtools": "1.22.1"
                },
                "SAMTOOLS_IDXSTATS": {
                    "samtools": "1.22.1"
                },
                "SAMTOOLS_INDEX": {
                    "samtools": "1.22.1"
                },
                "SAMTOOLS_STATS": {
                    "samtools": "1.22.1"
                },
                "SEVERUS": {
                    "severus": 1.6
                },
                "SOMATIC_VEP": {
                    "ensemblvep": 115.2,
                    "perl-math-cdf": 0.1,
                    "tabix": 1.21
                },
                "SORT_POST_NORM": {
                    "bcftools": 1.22
                },
                "STANDARDIZE_AF": {
                    "bcftools": 1.22
                },
                "SV_VEP": {
                    "ensemblvep": 115.2,
                    "perl-math-cdf": 0.1,
                    "tabix": 1.21
                },
                "UNTAR": {
                    "untar": 1.34
                },
                "UNZIP_FASTA": {
                    "pigz": 2.8
                },
                "VCFSPLIT": {
                    "bcftools": 1.2
                },
                "WGET": {
                    "wget": "1.21.4"
                },
                "WHATSHAP_STATS": {
                    "whatshap": 2.8
                },
                "Workflow": {
                    "IntGenomicsLab/lrsomatic": "v1.1.0dev"
                }
            },
            [
                "multiqc",
                "multiqc/multiqc_data",
                "multiqc/multiqc_data/llms-full.txt",
                "multiqc/multiqc_data/mosdepth-coverage-per-contig-single.txt",
                "multiqc/multiqc_data/mosdepth-cumcoverage-dist-id.txt",
                "multiqc/multiqc_data/mosdepth_cov_dist.txt",
                "multiqc/multiqc_data/mosdepth_cumcov_dist.txt",
                "multiqc/multiqc_data/mosdepth_perchrom.txt",
                "multiqc/multiqc_data/multiqc.log",
                "multiqc/multiqc_data/multiqc.parquet",
                "multiqc/multiqc_data/multiqc_citations.txt",
                "multiqc/multiqc_data/multiqc_data.json",
                "multiqc/multiqc_data/multiqc_general_stats.txt",
                "multiqc/multiqc_data/multiqc_samtools_flagstat.txt",
                "multiqc/multiqc_data/multiqc_samtools_idxstats.txt",
                "multiqc/multiqc_data/multiqc_samtools_stats.txt",
                "multiqc/multiqc_data/multiqc_software_versions.txt",
                "multiqc/multiqc_data/multiqc_sources.txt",
                "multiqc/multiqc_data/multiqc_whatshap_phased_bp_plot.txt",
                "multiqc/multiqc_data/multiqc_whatshap_stats.txt",
                "multiqc/multiqc_data/samtools-flagstat-pct-table.txt",
                "multiqc/multiqc_data/samtools-flagstat-table.txt",
                "multiqc/multiqc_data/samtools-idxstats-mapped-reads-plot_Normalised_Counts.txt",
                "multiqc/multiqc_data/samtools-idxstats-mapped-reads-plot_Observed_over_Expected_Counts.txt",
                "multiqc/multiqc_data/samtools-idxstats-mapped-reads-plot_Raw_Counts.txt",
                "multiqc/multiqc_data/samtools-stats-dp.txt",
                "multiqc/multiqc_data/samtools_alignment_plot.txt",
                "multiqc/multiqc_data/whatshap-stats-table.txt",
                "multiqc/multiqc_plots",
                "multiqc/multiqc_plots/pdf",
                "multiqc/multiqc_plots/pdf/mosdepth-coverage-per-contig-single-cnt.pdf",
                "multiqc/multiqc_plots/pdf/mosdepth-coverage-per-contig-single-pct.pdf",
                "multiqc/multiqc_plots/pdf/mosdepth-cumcoverage-dist-id.pdf",
                "multiqc/multiqc_plots/pdf/multiqc_whatshap_phased_bp_plot.pdf",
                "multiqc/multiqc_plots/pdf/samtools-flagstat-pct-table.pdf",
                "multiqc/multiqc_plots/pdf/samtools-flagstat-table.pdf",
                "multiqc/multiqc_plots/pdf/samtools-idxstats-mapped-reads-plot_Normalised_Counts-cnt.pdf",
                "multiqc/multiqc_plots/pdf/samtools-idxstats-mapped-reads-plot_Normalised_Counts-log.pdf",
                "multiqc/multiqc_plots/pdf/samtools-idxstats-mapped-reads-plot_Observed_over_Expected_Counts-cnt.pdf",
                "multiqc/multiqc_plots/pdf/samtools-idxstats-mapped-reads-plot_Observed_over_Expected_Counts-log.pdf",
                "multiqc/multiqc_plots/pdf/samtools-idxstats-mapped-reads-plot_Raw_Counts-cnt.pdf",
                "multiqc/multiqc_plots/pdf/samtools-idxstats-mapped-reads-plot_Raw_Counts-log.pdf",
                "multiqc/multiqc_plots/pdf/samtools-stats-dp.pdf",
                "multiqc/multiqc_plots/pdf/samtools_alignment_plot-cnt.pdf",
                "multiqc/multiqc_plots/pdf/samtools_alignment_plot-pct.pdf",
                "multiqc/multiqc_plots/pdf/whatshap-stats-table.pdf",
                "multiqc/multiqc_plots/png",
                "multiqc/multiqc_plots/png/mosdepth-coverage-per-contig-single-cnt.png",
                "multiqc/multiqc_plots/png/mosdepth-coverage-per-contig-single-pct.png",
                "multiqc/multiqc_plots/png/mosdepth-cumcoverage-dist-id.png",
                "multiqc/multiqc_plots/png/multiqc_whatshap_phased_bp_plot.png",
                "multiqc/multiqc_plots/png/samtools-flagstat-pct-table.png",
                "multiqc/multiqc_plots/png/samtools-flagstat-table.png",
                "multiqc/multiqc_plots/png/samtools-idxstats-mapped-reads-plot_Normalised_Counts-cnt.png",
                "multiqc/multiqc_plots/png/samtools-idxstats-mapped-reads-plot_Normalised_Counts-log.png",
                "multiqc/multiqc_plots/png/samtools-idxstats-mapped-reads-plot_Observed_over_Expected_Counts-cnt.png",
                "multiqc/multiqc_plots/png/samtools-idxstats-mapped-reads-plot_Observed_over_Expected_Counts-log.png",
                "multiqc/multiqc_plots/png/samtools-idxstats-mapped-reads-plot_Raw_Counts-cnt.png",
                "multiqc/multiqc_plots/png/samtools-idxstats-mapped-reads-plot_Raw_Counts-log.png",
                "multiqc/multiqc_plots/png/samtools-stats-dp.png",
                "multiqc/multiqc_plots/png/samtools_alignment_plot-cnt.png",
                "multiqc/multiqc_plots/png/samtools_alignment_plot-pct.png",
                "multiqc/multiqc_plots/png/whatshap-stats-table.png",
                "multiqc/multiqc_plots/svg",
                "multiqc/multiqc_plots/svg/mosdepth-coverage-per-contig-single-cnt.svg",
                "multiqc/multiqc_plots/svg/mosdepth-coverage-per-contig-single-pct.svg",
                "multiqc/multiqc_plots/svg/mosdepth-cumcoverage-dist-id.svg",
                "multiqc/multiqc_plots/svg/multiqc_whatshap_phased_bp_plot.svg",
                "multiqc/multiqc_plots/svg/samtools-flagstat-pct-table.svg",
                "multiqc/multiqc_plots/svg/samtools-flagstat-table.svg",
                "multiqc/multiqc_plots/svg/samtools-idxstats-mapped-reads-plot_Normalised_Counts-cnt.svg",
                "multiqc/multiqc_plots/svg/samtools-idxstats-mapped-reads-plot_Normalised_Counts-log.svg",
                "multiqc/multiqc_plots/svg/samtools-idxstats-mapped-reads-plot_Observed_over_Expected_Counts-cnt.svg",
                "multiqc/multiqc_plots/svg/samtools-idxstats-mapped-reads-plot_Observed_over_Expected_Counts-log.svg",
                "multiqc/multiqc_plots/svg/samtools-idxstats-mapped-reads-plot_Raw_Counts-cnt.svg",
                "multiqc/multiqc_plots/svg/samtools-idxstats-mapped-reads-plot_Raw_Counts-log.svg",
                "multiqc/multiqc_plots/svg/samtools-stats-dp.svg",
                "multiqc/multiqc_plots/svg/samtools_alignment_plot-cnt.svg",
                "multiqc/multiqc_plots/svg/samtools_alignment_plot-pct.svg",
                "multiqc/multiqc_plots/svg/whatshap-stats-table.svg",
                "multiqc/multiqc_report.html",
                "pipeline_info",
                "pipeline_info/lrsomatic_software_mqc_versions.yml",
                "sample1",
                "sample1/bamfiles",
                "sample1/bamfiles/sample1_normal.bam",
                "sample1/bamfiles/sample1_normal.bam.bai",
                "sample1/bamfiles/sample1_tumor.bam",
                "sample1/bamfiles/sample1_tumor.bam.bai",
                "sample1/qc",
                "sample1/qc/normal",
                "sample1/qc/normal/cramino_aln",
                "sample1/qc/normal/cramino_aln/sample1_normal_cramino.txt",
                "sample1/qc/normal/cramino_ubam_rep1",
                "sample1/qc/normal/cramino_ubam_rep1/sample1_normal_cramino.txt",
                "sample1/qc/normal/mosdepth",
                "sample1/qc/normal/mosdepth/sample1.mosdepth.global.dist.txt",
                "sample1/qc/normal/mosdepth/sample1.mosdepth.summary.txt",
                "sample1/qc/normal/nanoplot_aln",
                "sample1/qc/normal/nanoplot_aln/sample1_normal_aln_NanoPlot-report.html",
                "sample1/qc/normal/nanoplot_aln/sample1_normal_aln_NanoStats.txt",
                "sample1/qc/normal/nanoplot_aln/sample1_normal_aln_Non_weightedHistogramReadlength.html",
                "sample1/qc/normal/nanoplot_aln/sample1_normal_aln_Non_weightedLogTransformed_HistogramReadlength.html",
                "sample1/qc/normal/nanoplot_aln/sample1_normal_aln_PercentIdentityHistogramDynamic_Histogram_percent_identity.html",
                "sample1/qc/normal/nanoplot_aln/sample1_normal_aln_PercentIdentityvsAlignedReadLength_dot.html",
                "sample1/qc/normal/nanoplot_aln/sample1_normal_aln_PercentIdentityvsAlignedReadLength_kde.html",
                "sample1/qc/normal/nanoplot_aln/sample1_normal_aln_WeightedHistogramReadlength.html",
                "sample1/qc/normal/nanoplot_aln/sample1_normal_aln_WeightedLogTransformed_HistogramReadlength.html",
                "sample1/qc/normal/nanoplot_aln/sample1_normal_aln_Yield_By_Length.html",
                "sample1/qc/normal/nanoplot_ubam_rep1",
                "sample1/qc/normal/nanoplot_ubam_rep1/sample1_normal_ubam_NanoPlot-report.html",
                "sample1/qc/normal/nanoplot_ubam_rep1/sample1_normal_ubam_NanoStats.txt",
                "sample1/qc/normal/nanoplot_ubam_rep1/sample1_normal_ubam_Non_weightedHistogramReadlength.html",
                "sample1/qc/normal/nanoplot_ubam_rep1/sample1_normal_ubam_Non_weightedLogTransformed_HistogramReadlength.html",
                "sample1/qc/normal/nanoplot_ubam_rep1/sample1_normal_ubam_WeightedHistogramReadlength.html",
                "sample1/qc/normal/nanoplot_ubam_rep1/sample1_normal_ubam_WeightedLogTransformed_HistogramReadlength.html",
                "sample1/qc/normal/nanoplot_ubam_rep1/sample1_normal_ubam_Yield_By_Length.html",
                "sample1/qc/normal/samtools",
                "sample1/qc/normal/samtools/sample1.flagstat",
                "sample1/qc/normal/samtools/sample1.idxstats",
                "sample1/qc/normal/samtools/sample1.stats",
                "sample1/qc/tumor",
                "sample1/qc/tumor/cramino_aln",
                "sample1/qc/tumor/cramino_aln/sample1_tumor_cramino.txt",
                "sample1/qc/tumor/cramino_ubam_rep1",
                "sample1/qc/tumor/cramino_ubam_rep1/sample1_tumor_cramino.txt",
                "sample1/qc/tumor/mosdepth",
                "sample1/qc/tumor/mosdepth/sample1.mosdepth.global.dist.txt",
                "sample1/qc/tumor/mosdepth/sample1.mosdepth.summary.txt",
                "sample1/qc/tumor/nanoplot_aln",
                "sample1/qc/tumor/nanoplot_aln/sample1_tumor_aln_NanoPlot-report.html",
                "sample1/qc/tumor/nanoplot_aln/sample1_tumor_aln_NanoStats.txt",
                "sample1/qc/tumor/nanoplot_aln/sample1_tumor_aln_Non_weightedHistogramReadlength.html",
                "sample1/qc/tumor/nanoplot_aln/sample1_tumor_aln_Non_weightedLogTransformed_HistogramReadlength.html",
                "sample1/qc/tumor/nanoplot_aln/sample1_tumor_aln_PercentIdentityHistogramDynamic_Histogram_percent_identity.html",
                "sample1/qc/tumor/nanoplot_aln/sample1_tumor_aln_PercentIdentityvsAlignedReadLength_dot.html",
                "sample1/qc/tumor/nanoplot_aln/sample1_tumor_aln_PercentIdentityvsAlignedReadLength_kde.html",
                "sample1/qc/tumor/nanoplot_aln/sample1_tumor_aln_WeightedHistogramReadlength.html",
                "sample1/qc/tumor/nanoplot_aln/sample1_tumor_aln_WeightedLogTransformed_HistogramReadlength.html",
                "sample1/qc/tumor/nanoplot_aln/sample1_tumor_aln_Yield_By_Length.html",
                "sample1/qc/tumor/nanoplot_ubam_rep1",
                "sample1/qc/tumor/nanoplot_ubam_rep1/sample1_tumor_ubam_NanoPlot-report.html",
                "sample1/qc/tumor/nanoplot_ubam_rep1/sample1_tumor_ubam_NanoStats.txt",
                "sample1/qc/tumor/nanoplot_ubam_rep1/sample1_tumor_ubam_Non_weightedHistogramReadlength.html",
                "sample1/qc/tumor/nanoplot_ubam_rep1/sample1_tumor_ubam_Non_weightedLogTransformed_HistogramReadlength.html",
                "sample1/qc/tumor/nanoplot_ubam_rep1/sample1_tumor_ubam_WeightedHistogramReadlength.html",
                "sample1/qc/tumor/nanoplot_ubam_rep1/sample1_tumor_ubam_WeightedLogTransformed_HistogramReadlength.html",
                "sample1/qc/tumor/nanoplot_ubam_rep1/sample1_tumor_ubam_Yield_By_Length.html",
                "sample1/qc/tumor/samtools",
                "sample1/qc/tumor/samtools/sample1.flagstat",
                "sample1/qc/tumor/samtools/sample1.idxstats",
                "sample1/qc/tumor/samtools/sample1.stats",
                "sample1/qc/whatshap_stats",
                "sample1/qc/whatshap_stats/sample1_whatshap_stats.gtf",
                "sample1/qc/whatshap_stats/sample1_whatshap_stats.log",
                "sample1/qc/whatshap_stats/sample1_whatshap_stats.tsv",
                "sample1/variants",
                "sample1/variants/clair3",
                "sample1/variants/clair3/merge_output.vcf.gz",
                "sample1/variants/clair3/merge_output.vcf.gz.tbi",
                "sample1/variants/clairs",
                "sample1/variants/clairs/indel.vcf.gz",
                "sample1/variants/clairs/indel.vcf.gz.tbi",
                "sample1/variants/clairs/snvs.vcf.gz",
                "sample1/variants/clairs/snvs.vcf.gz.tbi",
                "sample1/variants/deepsomatic",
                "sample1/variants/deepsomatic/sample1_somatic.vcf.gz",
                "sample1/variants/deepsomatic/sample1_somatic.vcf.gz.tbi",
                "sample1/variants/phased",
                "sample1/variants/phased/germline_smallvariants.vcf.gz",
                "sample1/variants/phased/germline_smallvariants.vcf.gz.tbi",
                "sample1/variants/phased/germline_smallvariants_mod.vcf.gz",
                "sample1/variants/phased/germline_smallvariants_mod.vcf.gz.tbi",
                "sample1/variants/phased/somatic_smallvariants.vcf.gz",
                "sample1/variants/phased/somatic_smallvariants.vcf.gz.tbi",
                "sample1/variants/severus",
                "sample1/variants/severus/all_SVs",
                "sample1/variants/severus/all_SVs/breakpoint_clusters.tsv",
                "sample1/variants/severus/all_SVs/breakpoint_clusters_list.tsv",
                "sample1/variants/severus/all_SVs/severus_all.vcf.gz",
                "sample1/variants/severus/breakpoints_double.csv",
                "sample1/variants/severus/read_ids.csv",
                "sample1/variants/severus/read_qual.txt",
                "sample1/variants/severus/severus.log",
                "sample1/variants/severus/somatic_SVs",
                "sample1/variants/severus/somatic_SVs/breakpoint_clusters.tsv",
                "sample1/variants/severus/somatic_SVs/breakpoint_clusters_list.tsv",
                "sample1/variants/severus/somatic_SVs/severus_somatic.vcf.gz",
                "sample1/vep",
                "sample1/vep/SVs",
                "sample1/vep/SVs/sample1_SV_VEP.vcf.gz",
                "sample1/vep/SVs/sample1_SV_VEP.vcf.gz.tbi",
                "sample1/vep/SVs/sample1_SV_VEP.vcf.gz_summary.html",
                "sample1/vep/germline",
                "sample1/vep/germline/sample1_GERMLINE_VEP.vcf.gz",
                "sample1/vep/germline/sample1_GERMLINE_VEP.vcf.gz.tbi",
                "sample1/vep/germline/sample1_GERMLINE_VEP.vcf.gz_summary.html",
                "sample1/vep/somatic",
                "sample1/vep/somatic/sample1_SOMATIC_VEP.vcf.gz",
                "sample1/vep/somatic/sample1_SOMATIC_VEP.vcf.gz.tbi",
                "sample1/vep/somatic/sample1_SOMATIC_VEP.vcf.gz_summary.html",
                "sample2",
                "sample2/bamfiles",
                "sample2/bamfiles/sample2_normal.bam",
                "sample2/bamfiles/sample2_normal.bam.bai",
                "sample2/bamfiles/sample2_tumor.bam",
                "sample2/bamfiles/sample2_tumor.bam.bai",
                "sample2/qc",
                "sample2/qc/normal",
                "sample2/qc/normal/cramino_aln",
                "sample2/qc/normal/cramino_aln/sample2_normal_cramino.txt",
                "sample2/qc/normal/cramino_ubam_rep1",
                "sample2/qc/normal/cramino_ubam_rep1/sample2_normal_cramino.txt",
                "sample2/qc/normal/mosdepth",
                "sample2/qc/normal/mosdepth/sample2.mosdepth.global.dist.txt",
                "sample2/qc/normal/mosdepth/sample2.mosdepth.summary.txt",
                "sample2/qc/normal/nanoplot_aln",
                "sample2/qc/normal/nanoplot_aln/sample2_normal_aln_NanoPlot-report.html",
                "sample2/qc/normal/nanoplot_aln/sample2_normal_aln_NanoStats.txt",
                "sample2/qc/normal/nanoplot_aln/sample2_normal_aln_Non_weightedHistogramReadlength.html",
                "sample2/qc/normal/nanoplot_aln/sample2_normal_aln_Non_weightedLogTransformed_HistogramReadlength.html",
                "sample2/qc/normal/nanoplot_aln/sample2_normal_aln_PercentIdentityHistogramDynamic_Histogram_percent_identity.html",
                "sample2/qc/normal/nanoplot_aln/sample2_normal_aln_PercentIdentityvsAlignedReadLength_dot.html",
                "sample2/qc/normal/nanoplot_aln/sample2_normal_aln_PercentIdentityvsAlignedReadLength_kde.html",
                "sample2/qc/normal/nanoplot_aln/sample2_normal_aln_WeightedHistogramReadlength.html",
                "sample2/qc/normal/nanoplot_aln/sample2_normal_aln_WeightedLogTransformed_HistogramReadlength.html",
                "sample2/qc/normal/nanoplot_aln/sample2_normal_aln_Yield_By_Length.html",
                "sample2/qc/normal/nanoplot_ubam_rep1",
                "sample2/qc/normal/nanoplot_ubam_rep1/sample2_normal_ubam_NanoPlot-report.html",
                "sample2/qc/normal/nanoplot_ubam_rep1/sample2_normal_ubam_NanoStats.txt",
                "sample2/qc/normal/nanoplot_ubam_rep1/sample2_normal_ubam_Non_weightedHistogramReadlength.html",
                "sample2/qc/normal/nanoplot_ubam_rep1/sample2_normal_ubam_Non_weightedLogTransformed_HistogramReadlength.html",
                "sample2/qc/normal/nanoplot_ubam_rep1/sample2_normal_ubam_WeightedHistogramReadlength.html",
                "sample2/qc/normal/nanoplot_ubam_rep1/sample2_normal_ubam_WeightedLogTransformed_HistogramReadlength.html",
                "sample2/qc/normal/nanoplot_ubam_rep1/sample2_normal_ubam_Yield_By_Length.html",
                "sample2/qc/normal/samtools",
                "sample2/qc/normal/samtools/sample2.flagstat",
                "sample2/qc/normal/samtools/sample2.idxstats",
                "sample2/qc/normal/samtools/sample2.stats",
                "sample2/qc/tumor",
                "sample2/qc/tumor/cramino_aln",
                "sample2/qc/tumor/cramino_aln/sample2_tumor_cramino.txt",
                "sample2/qc/tumor/cramino_ubam_rep1",
                "sample2/qc/tumor/cramino_ubam_rep1/sample2_tumor_cramino.txt",
                "sample2/qc/tumor/mosdepth",
                "sample2/qc/tumor/mosdepth/sample2.mosdepth.global.dist.txt",
                "sample2/qc/tumor/mosdepth/sample2.mosdepth.summary.txt",
                "sample2/qc/tumor/nanoplot_aln",
                "sample2/qc/tumor/nanoplot_aln/sample2_tumor_aln_NanoPlot-report.html",
                "sample2/qc/tumor/nanoplot_aln/sample2_tumor_aln_NanoStats.txt",
                "sample2/qc/tumor/nanoplot_aln/sample2_tumor_aln_Non_weightedHistogramReadlength.html",
                "sample2/qc/tumor/nanoplot_aln/sample2_tumor_aln_Non_weightedLogTransformed_HistogramReadlength.html",
                "sample2/qc/tumor/nanoplot_aln/sample2_tumor_aln_PercentIdentityHistogramDynamic_Histogram_percent_identity.html",
                "sample2/qc/tumor/nanoplot_aln/sample2_tumor_aln_PercentIdentityvsAlignedReadLength_dot.html",
                "sample2/qc/tumor/nanoplot_aln/sample2_tumor_aln_PercentIdentityvsAlignedReadLength_kde.html",
                "sample2/qc/tumor/nanoplot_aln/sample2_tumor_aln_WeightedHistogramReadlength.html",
                "sample2/qc/tumor/nanoplot_aln/sample2_tumor_aln_WeightedLogTransformed_HistogramReadlength.html",
                "sample2/qc/tumor/nanoplot_aln/sample2_tumor_aln_Yield_By_Length.html",
                "sample2/qc/tumor/nanoplot_ubam_rep1",
                "sample2/qc/tumor/nanoplot_ubam_rep1/sample2_tumor_ubam_NanoPlot-report.html",
                "sample2/qc/tumor/nanoplot_ubam_rep1/sample2_tumor_ubam_NanoStats.txt",
                "sample2/qc/tumor/nanoplot_ubam_rep1/sample2_tumor_ubam_Non_weightedHistogramReadlength.html",
                "sample2/qc/tumor/nanoplot_ubam_rep1/sample2_tumor_ubam_Non_weightedLogTransformed_HistogramReadlength.html",
                "sample2/qc/tumor/nanoplot_ubam_rep1/sample2_tumor_ubam_WeightedHistogramReadlength.html",
                "sample2/qc/tumor/nanoplot_ubam_rep1/sample2_tumor_ubam_WeightedLogTransformed_HistogramReadlength.html",
                "sample2/qc/tumor/nanoplot_ubam_rep1/sample2_tumor_ubam_Yield_By_Length.html",
                "sample2/qc/tumor/samtools",
                "sample2/qc/tumor/samtools/sample2.flagstat",
                "sample2/qc/tumor/samtools/sample2.idxstats",
                "sample2/qc/tumor/samtools/sample2.stats",
                "sample2/qc/whatshap_stats",
                "sample2/qc/whatshap_stats/sample2_whatshap_stats.gtf",
                "sample2/qc/whatshap_stats/sample2_whatshap_stats.log",
                "sample2/qc/whatshap_stats/sample2_whatshap_stats.tsv",
                "sample2/variants",
                "sample2/variants/clair3",
                "sample2/variants/clair3/merge_output.vcf.gz",
                "sample2/variants/clair3/merge_output.vcf.gz.tbi",
                "sample2/variants/clairs",
                "sample2/variants/clairs/indel.vcf.gz",
                "sample2/variants/clairs/indel.vcf.gz.tbi",
                "sample2/variants/clairs/snvs.vcf.gz",
                "sample2/variants/clairs/snvs.vcf.gz.tbi",
                "sample2/variants/deepsomatic",
                "sample2/variants/deepsomatic/sample2_somatic.vcf.gz",
                "sample2/variants/deepsomatic/sample2_somatic.vcf.gz.tbi",
                "sample2/variants/phased",
                "sample2/variants/phased/germline_smallvariants.vcf.gz",
                "sample2/variants/phased/germline_smallvariants.vcf.gz.tbi",
                "sample2/variants/phased/germline_smallvariants_mod.vcf.gz",
                "sample2/variants/phased/germline_smallvariants_mod.vcf.gz.tbi",
                "sample2/variants/phased/somatic_smallvariants.vcf.gz",
                "sample2/variants/phased/somatic_smallvariants.vcf.gz.tbi",
                "sample2/variants/severus",
                "sample2/variants/severus/all_SVs",
                "sample2/variants/severus/all_SVs/breakpoint_clusters.tsv",
                "sample2/variants/severus/all_SVs/breakpoint_clusters_list.tsv",
                "sample2/variants/severus/all_SVs/severus_all.vcf.gz",
                "sample2/variants/severus/breakpoints_double.csv",
                "sample2/variants/severus/read_ids.csv",
                "sample2/variants/severus/read_qual.txt",
                "sample2/variants/severus/severus.log",
                "sample2/variants/severus/somatic_SVs",
                "sample2/variants/severus/somatic_SVs/breakpoint_clusters.tsv",
                "sample2/variants/severus/somatic_SVs/breakpoint_clusters_list.tsv",
                "sample2/variants/severus/somatic_SVs/severus_somatic.vcf.gz",
                "sample2/vep",
                "sample2/vep/SVs",
                "sample2/vep/SVs/sample2_SV_VEP.vcf.gz",
                "sample2/vep/SVs/sample2_SV_VEP.vcf.gz.tbi",
                "sample2/vep/SVs/sample2_SV_VEP.vcf.gz_summary.html",
                "sample2/vep/germline",
                "sample2/vep/germline/sample2_GERMLINE_VEP.vcf.gz",
                "sample2/vep/germline/sample2_GERMLINE_VEP.vcf.gz.tbi",
                "sample2/vep/germline/sample2_GERMLINE_VEP.vcf.gz_summary.html",
                "sample2/vep/somatic",
                "sample2/vep/somatic/sample2_SOMATIC_VEP.vcf.gz",
                "sample2/vep/somatic/sample2_SOMATIC_VEP.vcf.gz.tbi",
                "sample2/vep/somatic/sample2_SOMATIC_VEP.vcf.gz_summary.html",
                "sample3",
                "sample3/bamfiles",
                "sample3/bamfiles/sample3_tumor.bam",
                "sample3/bamfiles/sample3_tumor.bam.bai",
                "sample3/qc",
                "sample3/qc/tumor",
                "sample3/qc/tumor/cramino_aln",
                "sample3/qc/tumor/cramino_aln/sample3_tumor_cramino.txt",
                "sample3/qc/tumor/cramino_ubam_rep1",
                "sample3/qc/tumor/cramino_ubam_rep1/sample3_tumor_cramino.txt",
                "sample3/qc/tumor/mosdepth",
                "sample3/qc/tumor/mosdepth/sample3.mosdepth.global.dist.txt",
                "sample3/qc/tumor/mosdepth/sample3.mosdepth.summary.txt",
                "sample3/qc/tumor/nanoplot_aln",
                "sample3/qc/tumor/nanoplot_aln/sample3_tumor_aln_NanoPlot-report.html",
                "sample3/qc/tumor/nanoplot_aln/sample3_tumor_aln_NanoStats.txt",
                "sample3/qc/tumor/nanoplot_aln/sample3_tumor_aln_Non_weightedHistogramReadlength.html",
                "sample3/qc/tumor/nanoplot_aln/sample3_tumor_aln_Non_weightedLogTransformed_HistogramReadlength.html",
                "sample3/qc/tumor/nanoplot_aln/sample3_tumor_aln_PercentIdentityHistogramDynamic_Histogram_percent_identity.html",
                "sample3/qc/tumor/nanoplot_aln/sample3_tumor_aln_PercentIdentityvsAlignedReadLength_dot.html",
                "sample3/qc/tumor/nanoplot_aln/sample3_tumor_aln_PercentIdentityvsAlignedReadLength_kde.html",
                "sample3/qc/tumor/nanoplot_aln/sample3_tumor_aln_WeightedHistogramReadlength.html",
                "sample3/qc/tumor/nanoplot_aln/sample3_tumor_aln_WeightedLogTransformed_HistogramReadlength.html",
                "sample3/qc/tumor/nanoplot_aln/sample3_tumor_aln_Yield_By_Length.html",
                "sample3/qc/tumor/nanoplot_ubam_rep1",
                "sample3/qc/tumor/nanoplot_ubam_rep1/sample3_tumor_ubam_NanoPlot-report.html",
                "sample3/qc/tumor/nanoplot_ubam_rep1/sample3_tumor_ubam_NanoStats.txt",
                "sample3/qc/tumor/nanoplot_ubam_rep1/sample3_tumor_ubam_Non_weightedHistogramReadlength.html",
                "sample3/qc/tumor/nanoplot_ubam_rep1/sample3_tumor_ubam_Non_weightedLogTransformed_HistogramReadlength.html",
                "sample3/qc/tumor/nanoplot_ubam_rep1/sample3_tumor_ubam_WeightedHistogramReadlength.html",
                "sample3/qc/tumor/nanoplot_ubam_rep1/sample3_tumor_ubam_WeightedLogTransformed_HistogramReadlength.html",
                "sample3/qc/tumor/nanoplot_ubam_rep1/sample3_tumor_ubam_Yield_By_Length.html",
                "sample3/qc/tumor/samtools",
                "sample3/qc/tumor/samtools/sample3.flagstat",
                "sample3/qc/tumor/samtools/sample3.idxstats",
                "sample3/qc/tumor/samtools/sample3.stats",
                "sample3/qc/whatshap_stats",
                "sample3/qc/whatshap_stats/sample3_whatshap_stats.gtf",
                "sample3/qc/whatshap_stats/sample3_whatshap_stats.log",
                "sample3/qc/whatshap_stats/sample3_whatshap_stats.tsv",
                "sample3/variants",
                "sample3/variants/clairsto",
                "sample3/variants/clairsto/germline.vcf.gz",
                "sample3/variants/clairsto/germline.vcf.gz.tbi",
                "sample3/variants/clairsto/indel.vcf.gz",
                "sample3/variants/clairsto/indel.vcf.gz.tbi",
                "sample3/variants/clairsto/snv.vcf.gz",
                "sample3/variants/clairsto/snv.vcf.gz.tbi",
                "sample3/variants/clairsto/somatic.vcf.gz",
                "sample3/variants/clairsto/somatic.vcf.gz.tbi",
                "sample3/variants/deepsomatic",
                "sample3/variants/deepsomatic/sample3_somatic.vcf.gz",
                "sample3/variants/deepsomatic/sample3_somatic.vcf.gz.tbi",
                "sample3/variants/phased",
                "sample3/variants/phased/germline_smallvariants.vcf.gz",
                "sample3/variants/phased/germline_smallvariants.vcf.gz.tbi",
                "sample3/variants/phased/germline_smallvariants_mod.vcf.gz",
                "sample3/variants/phased/germline_smallvariants_mod.vcf.gz.tbi",
                "sample3/variants/phased/somatic_smallvariants.vcf.gz",
                "sample3/variants/phased/somatic_smallvariants.vcf.gz.tbi",
                "sample3/variants/severus",
                "sample3/variants/severus/all_SVs",
                "sample3/variants/severus/all_SVs/breakpoint_clusters.tsv",
                "sample3/variants/severus/all_SVs/breakpoint_clusters_list.tsv",
                "sample3/variants/severus/all_SVs/severus_all.vcf.gz",
                "sample3/variants/severus/breakpoints_double.csv",
                "sample3/variants/severus/read_ids.csv",
                "sample3/variants/severus/read_qual.txt",
                "sample3/variants/severus/severus.log",
                "sample3/variants/severus/somatic_SVs",
                "sample3/variants/severus/somatic_SVs/breakpoint_clusters.tsv",
                "sample3/variants/severus/somatic_SVs/breakpoint_clusters_list.tsv",
                "sample3/variants/severus/somatic_SVs/severus_somatic.vcf.gz",
                "sample3/vep",
                "sample3/vep/SVs",
                "sample3/vep/SVs/sample3_SV_VEP.vcf.gz",
                "sample3/vep/SVs/sample3_SV_VEP.vcf.gz.tbi",
                "sample3/vep/SVs/sample3_SV_VEP.vcf.gz_summary.html",
                "sample3/vep/germline",
                "sample3/vep/germline/sample3_GERMLINE_VEP.vcf.gz",
                "sample3/vep/germline/sample3_GERMLINE_VEP.vcf.gz.tbi",
                "sample3/vep/germline/sample3_GERMLINE_VEP.vcf.gz_summary.html",
                "sample3/vep/somatic",
                "sample3/vep/somatic/sample3_SOMATIC_VEP.vcf.gz",
                "sample3/vep/somatic/sample3_SOMATIC_VEP.vcf.gz.tbi",
                "sample3/vep/somatic/sample3_SOMATIC_VEP.vcf.gz_summary.html"
            ],
            [
                "sample1_normal.bam:md5,772e41f7cd86c03a22afbe5ec0592a6b",
                "sample1_normal.bam.bai:md5,1b501f6a11efe5d2e6f47b7f1523220b",
                "sample1_tumor.bam:md5,c8315c80dc92dfb5d874aef3f5dd46fb",
                "sample1_tumor.bam.bai:md5,bc35f807be4b93fc795a14d701469367",
                "sample1.flagstat:md5,1c41ea9923945501eb7e41f83a90502d",
                "sample1.idxstats:md5,902e503387799123ea59255e3fca172c",
                "sample1.stats:md5,a8b3fba9c54efbc0934d6eacc1807140",
                "sample1.flagstat:md5,8ff32d733c62c4910bf185ef24bf27cf",
                "sample1.idxstats:md5,2de140e61f9e86c9c10af20dd565cc93",
                "sample1.stats:md5,1c60a1d249d2e503b0678c72e851ea93",
                "sample1_whatshap_stats.gtf:md5,eff050a68e36e778b06e0ec19435c569",
                "sample1_whatshap_stats.log:md5,76b73731f74fe32ef2d11f6bb0a0f71a",
                "sample1_whatshap_stats.tsv:md5,f566ae25b3c5a8f7e94b3d6c1b0417f8",
                "breakpoint_clusters.tsv:md5,d36a70de292ee130ef30da4a58bced18",
                "breakpoint_clusters_list.tsv:md5,0c0ce62e329f8de492487e8414c30a50",
                "breakpoints_double.csv:md5,47cb0e0bbe71abdbf4f40217dfda43f9",
                "read_qual.txt:md5,78247dfa2ea336eac0e128eba5e9eef4",
                "breakpoint_clusters.tsv:md5,d36a70de292ee130ef30da4a58bced18",
                "breakpoint_clusters_list.tsv:md5,0c0ce62e329f8de492487e8414c30a50",
                "sample2_normal.bam:md5,3157bd11ba095a884c7951aafcfcfb1c",
                "sample2_normal.bam.bai:md5,edebda44c4383173caea728acde4ac43",
                "sample2_tumor.bam:md5,47b2c5f86e0493ba94ff72cea77eeae3",
                "sample2_tumor.bam.bai:md5,abf2c290c815f54c2b3f8179f717d9bd",
                "sample2.flagstat:md5,714d0cc0c213e2640e54a16f3d0e6e7e",
                "sample2.idxstats:md5,72eb83bb11748dc863fef1a0a5497e4b",
                "sample2.stats:md5,20c47cb94f9ac739d69c57be6daf82c5",
                "sample2.flagstat:md5,4344a8745efef9cc2a017024218d61c6",
                "sample2.idxstats:md5,69467fc02c83a30084736aeea8b785fb",
                "sample2.stats:md5,8635df10132c85a13f2d9878b7cf90a2",
                "sample2_whatshap_stats.gtf:md5,4d8f4393e3aebe4e945c0b8236cf3b3e",
                "sample2_whatshap_stats.log:md5,10bba7bae6dd99b989ece5e5dac7a8f9",
                "sample2_whatshap_stats.tsv:md5,bb46226e486af9026ab76e014624e903",
                "breakpoint_clusters.tsv:md5,d36a70de292ee130ef30da4a58bced18",
                "breakpoint_clusters_list.tsv:md5,0c0ce62e329f8de492487e8414c30a50",
                "breakpoints_double.csv:md5,48baac86492026a4a7947bc708c47e6e",
                "read_qual.txt:md5,8b92ff7dc4536188be159b95525511cd",
                "breakpoint_clusters.tsv:md5,d36a70de292ee130ef30da4a58bced18",
                "breakpoint_clusters_list.tsv:md5,0c0ce62e329f8de492487e8414c30a50",
                "sample3_tumor.bam:md5,3c995151bdd974df5bf61d08606d54d3",
                "sample3_tumor.bam.bai:md5,9d5964ef8f44127a7d9162d628e2407d",
                "sample3.flagstat:md5,8ff32d733c62c4910bf185ef24bf27cf",
                "sample3.idxstats:md5,2de140e61f9e86c9c10af20dd565cc93",
                "sample3.stats:md5,ecd5ea4fee37379dd5c5ae3e89dfddda",
                "sample3_whatshap_stats.gtf:md5,46a97067376b06b476d180709bc9e3d8",
                "sample3_whatshap_stats.log:md5,376254ec9c98f9ba204895e7085516ed",
                "sample3_whatshap_stats.tsv:md5,f7cc79156f23e884ead18e50b8434dbf",
                "breakpoint_clusters.tsv:md5,d36a70de292ee130ef30da4a58bced18",
                "breakpoint_clusters_list.tsv:md5,0c0ce62e329f8de492487e8414c30a50",
                "breakpoints_double.csv:md5,56e899f85876cee082788927d0f89c5f",
                "read_qual.txt:md5,b918430d35354dad1d7f02f21e4cd4ed",
                "breakpoint_clusters.tsv:md5,d36a70de292ee130ef30da4a58bced18",
                "breakpoint_clusters_list.tsv:md5,0c0ce62e329f8de492487e8414c30a50"
            ]
        ],
        "meta": {
            "nf-test": "0.9.3",
            "nextflow": "25.10.2"
        },
        "timestamp": "2026-05-18T11:13:48.797632236"
    }
}