{
    "savana + savana - tumour only - stub": {
        "content": [
            {
                "0": [
                    [
                        {
                            "id": "test",
                            "paired_data": null
                        },
                        "annotated_svs.tsv:md5,d41d8cd98f00b204e9800998ecf8427e"
                    ]
                ],
                "1": [
                    [
                        {
                            "id": "test",
                            "paired_data": null
                        },
                        "by_gene.tsv:md5,d41d8cd98f00b204e9800998ecf8427e"
                    ]
                ],
                "2": [
                    [
                        {
                            "id": "test",
                            "paired_data": null
                        },
                        "padfoot.log:md5,d41d8cd98f00b204e9800998ecf8427e"
                    ]
                ],
                "3": [
                    [
                        {
                            "id": "test",
                            "paired_data": null
                        },
                        "staged.txt:md5,bac628487243e7a56556ee34bb4cc570"
                    ]
                ],
                "4": [
                    "versions.yml:md5,736e037d3dcd412939925cdc9420d9da"
                ],
                "annotated_svs": [
                    [
                        {
                            "id": "test",
                            "paired_data": null
                        },
                        "annotated_svs.tsv:md5,d41d8cd98f00b204e9800998ecf8427e"
                    ]
                ],
                "by_gene": [
                    [
                        {
                            "id": "test",
                            "paired_data": null
                        },
                        "by_gene.tsv:md5,d41d8cd98f00b204e9800998ecf8427e"
                    ]
                ],
                "log": [
                    [
                        {
                            "id": "test",
                            "paired_data": null
                        },
                        "padfoot.log:md5,d41d8cd98f00b204e9800998ecf8427e"
                    ]
                ],
                "staged": [
                    [
                        {
                            "id": "test",
                            "paired_data": null
                        },
                        "staged.txt:md5,bac628487243e7a56556ee34bb4cc570"
                    ]
                ],
                "versions": [
                    "versions.yml:md5,736e037d3dcd412939925cdc9420d9da"
                ]
            }
        ],
        "meta": {
            "nf-test": "0.9.2",
            "nextflow": "25.10.7"
        },
        "timestamp": "2026-09-29T11:49:09.602597326"
    },
    "severus + wakhan - real, RepeatMasker on": {
        "content": [
            [
                [
                    {
                        "id": "test",
                        "paired_data": "test"
                    },
                    "annotated_svs.tsv:md5,54ac3095ab253beb505734808e5de700"
                ]
            ],
            [
                [
                    {
                        "id": "test",
                        "paired_data": "test"
                    },
                    "by_gene.tsv:md5,16c385583d88142094c7a58f04d8ebe3"
                ]
            ],
            "padfoot.log",
            [
                "versions.yml:md5,f26e0f4304b2860f6303c917c0cd442e"
            ]
        ],
        "meta": {
            "nf-test": "0.9.2",
            "nextflow": "25.10.7"
        },
        "timestamp": "2026-10-05T11:40:21.928998457"
    },
    "severus + wakhan - stub": {
        "content": [
            {
                "0": [
                    [
                        {
                            "id": "test",
                            "paired_data": "test"
                        },
                        "annotated_svs.tsv:md5,d41d8cd98f00b204e9800998ecf8427e"
                    ]
                ],
                "1": [
                    [
                        {
                            "id": "test",
                            "paired_data": "test"
                        },
                        "by_gene.tsv:md5,d41d8cd98f00b204e9800998ecf8427e"
                    ]
                ],
                "2": [
                    [
                        {
                            "id": "test",
                            "paired_data": "test"
                        },
                        "padfoot.log:md5,d41d8cd98f00b204e9800998ecf8427e"
                    ]
                ],
                "3": [
                    [
                        {
                            "id": "test",
                            "paired_data": "test"
                        },
                        "staged.txt:md5,e8eb805ef0e9c0a8507184e03ab5a641"
                    ]
                ],
                "4": [
                    "versions.yml:md5,736e037d3dcd412939925cdc9420d9da"
                ],
                "annotated_svs": [
                    [
                        {
                            "id": "test",
                            "paired_data": "test"
                        },
                        "annotated_svs.tsv:md5,d41d8cd98f00b204e9800998ecf8427e"
                    ]
                ],
                "by_gene": [
                    [
                        {
                            "id": "test",
                            "paired_data": "test"
                        },
                        "by_gene.tsv:md5,d41d8cd98f00b204e9800998ecf8427e"
                    ]
                ],
                "log": [
                    [
                        {
                            "id": "test",
                            "paired_data": "test"
                        },
                        "padfoot.log:md5,d41d8cd98f00b204e9800998ecf8427e"
                    ]
                ],
                "staged": [
                    [
                        {
                            "id": "test",
                            "paired_data": "test"
                        },
                        "staged.txt:md5,e8eb805ef0e9c0a8507184e03ab5a641"
                    ]
                ],
                "versions": [
                    "versions.yml:md5,736e037d3dcd412939925cdc9420d9da"
                ]
            }
        ],
        "meta": {
            "nf-test": "0.9.2",
            "nextflow": "25.10.7"
        },
        "timestamp": "2026-09-29T11:49:02.372992799"
    },
    "savana + savana - real, RepeatMasker off": {
        "content": [
            [
                [
                    {
                        "id": "test",
                        "paired_data": "test"
                    },
                    "annotated_svs.tsv:md5,ef1ddb2bfd7bd65eec0cb6fdf9e20431"
                ]
            ],
            [
                [
                    {
                        "id": "test",
                        "paired_data": "test"
                    },
                    "by_gene.tsv:md5,54ba7cf8fdb83e6d7cc37af4b339921e"
                ]
            ],
            "padfoot.log",
            [
                "versions.yml:md5,f26e0f4304b2860f6303c917c0cd442e"
            ]
        ],
        "meta": {
            "nf-test": "0.9.2",
            "nextflow": "25.10.7"
        },
        "timestamp": "2026-10-05T11:40:36.90738928"
    }
}